Archive member included because of file (symbol)

C:/Programme/WinAVR/lib/gcc/avr/3.4.6\libgcc.a(_udivmodhi4.o)
                              obj/servo1.o (__udivmodhi4)
C:/Programme/WinAVR/lib/gcc/avr/3.4.6\libgcc.a(_copy_data.o)
                              obj/servo1.o (__do_copy_data)
C:/Programme/WinAVR/lib/gcc/avr/3.4.6\libgcc.a(_clear_bss.o)
                              obj/servo1.o (__do_clear_bss)
C:/Programme/WinAVR/bin/../lib/gcc/avr/3.4.6/../../../../avr/lib\libc.a(strcat.o)
                              obj/servo1.o (strcat)

Allocating common symbols
Common symbol       size              file

servo_busy          0x1               obj/servo1.o

Memory Configuration

Name             Origin             Length             Attributes
text             0x00000000         0x00002000         xr
data             0x00800060         0x0000ffa0         rw !x
eeprom           0x00810000         0x00010000         rw !x
*default*        0x00000000         0xffffffff

Linker script and memory map

LOAD C:/Programme/WinAVR/bin/../lib/gcc/avr/3.4.6/../../../../avr/lib/crts8535.o
LOAD obj/servo1.o
LOAD obj/lcd.o
LOAD C:/Programme/WinAVR/bin/../lib/gcc/avr/3.4.6/../../../../avr/lib\libm.a
LOAD C:/Programme/WinAVR/lib/gcc/avr/3.4.6\libgcc.a
LOAD C:/Programme/WinAVR/bin/../lib/gcc/avr/3.4.6/../../../../avr/lib\libc.a
LOAD C:/Programme/WinAVR/lib/gcc/avr/3.4.6\libgcc.a

.hash
 *(.hash)

.dynsym
 *(.dynsym)

.dynstr
 *(.dynstr)

.gnu.version
 *(.gnu.version)

.gnu.version_d
 *(.gnu.version_d)

.gnu.version_r
 *(.gnu.version_r)

.rel.init
 *(.rel.init)

.rela.init
 *(.rela.init)

.rel.text
 *(.rel.text)
 *(.rel.text.*)
 *(.rel.gnu.linkonce.t*)

.rela.text
 *(.rela.text)
 *(.rela.text.*)
 *(.rela.gnu.linkonce.t*)

.rel.fini
 *(.rel.fini)

.rela.fini
 *(.rela.fini)

.rel.rodata
 *(.rel.rodata)
 *(.rel.rodata.*)
 *(.rel.gnu.linkonce.r*)

.rela.rodata
 *(.rela.rodata)
 *(.rela.rodata.*)
 *(.rela.gnu.linkonce.r*)

.rel.data
 *(.rel.data)
 *(.rel.data.*)
 *(.rel.gnu.linkonce.d*)

.rela.data
 *(.rela.data)
 *(.rela.data.*)
 *(.rela.gnu.linkonce.d*)

.rel.ctors
 *(.rel.ctors)

.rela.ctors
 *(.rela.ctors)

.rel.dtors
 *(.rel.dtors)

.rela.dtors
 *(.rela.dtors)

.rel.got
 *(.rel.got)

.rela.got
 *(.rela.got)

.rel.bss
 *(.rel.bss)

.rela.bss
 *(.rela.bss)

.rel.plt
 *(.rel.plt)

.rela.plt
 *(.rela.plt)

.text           0x00000000      0x4de
 *(.vectors)
 .vectors       0x00000000       0x22 C:/Programme/WinAVR/bin/../lib/gcc/avr/3.4.6/../../../../avr/lib/crts8535.o
                0x00000000                __vectors
                0x00000000                __vector_default
                0x00000022                __ctors_start = .
 *(.ctors)
                0x00000022                __ctors_end = .
                0x00000022                __dtors_start = .
 *(.dtors)
                0x00000022                __dtors_end = .
 *(.progmem.gcc*)
 *(.progmem*)
                0x00000022                . = ALIGN (0x2)
 *(.init0)
 *(.init1)
 *(.init2)
 .init2         0x00000022        0xc C:/Programme/WinAVR/bin/../lib/gcc/avr/3.4.6/../../../../avr/lib/crts8535.o
 *(.init3)
 *(.init4)
 .init4         0x0000002e       0x18 C:/Programme/WinAVR/lib/gcc/avr/3.4.6\libgcc.a(_copy_data.o)
                0x0000002e                __do_copy_data
 .init4         0x00000046       0x10 C:/Programme/WinAVR/lib/gcc/avr/3.4.6\libgcc.a(_clear_bss.o)
                0x00000046                __do_clear_bss
 *(.init5)
 *(.init6)
 *(.init7)
 *(.init8)
 *(.init9)
 .init9         0x00000056        0x2 C:/Programme/WinAVR/bin/../lib/gcc/avr/3.4.6/../../../../avr/lib/crts8535.o
 *(.text)
 .text          0x00000058        0x2 C:/Programme/WinAVR/bin/../lib/gcc/avr/3.4.6/../../../../avr/lib/crts8535.o
                0x00000058                __vector_1
                0x00000058                __vector_12
                0x00000058                __bad_interrupt
                0x00000058                __vector_3
                0x00000058                __vector_11
                0x00000058                __vector_13
                0x00000058                __vector_7
                0x00000058                __vector_5
                0x00000058                __vector_4
                0x00000058                __vector_9
                0x00000058                __vector_2
                0x00000058                __vector_15
                0x00000058                __vector_8
                0x00000058                __vector_14
                0x00000058                __vector_10
                0x00000058                __vector_16
 .text          0x0000005a      0x2cc obj/servo1.o
                0x00000218                __vector_6
                0x00000232                main
                0x0000005a                sprintf
                0x000001ea                startservopuls
 .text          0x00000326      0x172 obj/lcd.o
                0x00000384                lcd_gotoxy
                0x000003b0                lcd_putc
                0x000003aa                lcd_home
                0x000003a4                lcd_clrscr
                0x00000398                lcd_getxy
                0x000003fa                lcd_puts
                0x00000416                lcd_puts_p
                0x00000442                lcd_init
                0x0000035c                lcd_command
 .text          0x00000498       0x1a C:/Programme/WinAVR/bin/../lib/gcc/avr/3.4.6/../../../../avr/lib\libc.a(strcat.o)
                0x00000498                strcat
                0x000004b2                . = ALIGN (0x2)
 *(.text.*)
 .text.libgcc   0x000004b2       0x2c C:/Programme/WinAVR/lib/gcc/avr/3.4.6\libgcc.a(_udivmodhi4.o)
                0x000004b2                __udivmodhi4
                0x000004de                . = ALIGN (0x2)
 *(.fini9)
 *(.fini8)
 *(.fini7)
 *(.fini6)
 *(.fini5)
 *(.fini4)
 *(.fini3)
 *(.fini2)
 *(.fini1)
 *(.fini0)
                0x000004de                _etext = .

.data           0x00800060       0x22 load address 0x000004de
                0x00800060                PROVIDE (__data_start, .)
 *(.data)
 .data          0x00800060       0x21 obj/servo1.o
 *(.gnu.linkonce.d*)
                0x00800082                . = ALIGN (0x2)
 *fill*         0x00800081        0x1 00
                0x00800082                _edata = .
                0x00800082                PROVIDE (__data_end, .)

.bss            0x00800082        0x1
                0x00800082                PROVIDE (__bss_start, .)
 *(.bss)
 *(COMMON)
 COMMON         0x00800082        0x1 obj/servo1.o
                0x00800082                servo_busy
                0x00800083                PROVIDE (__bss_end, .)
                0x000004de                __data_load_start = LOADADDR (.data)
                0x00000500                __data_load_end = (__data_load_start + SIZEOF (.data))

.noinit         0x00800083        0x0
                0x00800083                PROVIDE (__noinit_start, .)
 *(.noinit*)
                0x00800083                PROVIDE (__noinit_end, .)
                0x00800083                _end = .
                0x00800083                PROVIDE (__heap_start, .)

.eeprom         0x00810000        0x0
 *(.eeprom*)
                0x00810000                __eeprom_end = .

.stab           0x00000000      0x36c
 *(.stab)
 .stab          0x00000000      0x36c C:/Programme/WinAVR/bin/../lib/gcc/avr/3.4.6/../../../../avr/lib/crts8535.o

.stabstr        0x00000000       0x84
 *(.stabstr)
 .stabstr       0x00000000       0x84 C:/Programme/WinAVR/bin/../lib/gcc/avr/3.4.6/../../../../avr/lib/crts8535.o

.stab.excl
 *(.stab.excl)

.stab.exclstr
 *(.stab.exclstr)

.stab.index
 *(.stab.index)

.stab.indexstr
 *(.stab.indexstr)

.comment
 *(.comment)

.debug
 *(.debug)

.line
 *(.line)

.debug_srcinfo
 *(.debug_srcinfo)

.debug_sfnames
 *(.debug_sfnames)

.debug_aranges  0x00000000       0x28
 *(.debug_aranges)
 .debug_aranges
                0x00000000       0x14 obj/servo1.o
 .debug_aranges
                0x00000014       0x14 obj/lcd.o

.debug_pubnames
                0x00000000       0xe9
 *(.debug_pubnames)
 .debug_pubnames
                0x00000000       0x58 obj/servo1.o
 .debug_pubnames
                0x00000058       0x91 obj/lcd.o

.debug_info     0x00000000      0x7ea
 *(.debug_info)
 .debug_info    0x00000000      0x2b9 obj/servo1.o
 .debug_info    0x000002b9      0x531 obj/lcd.o
 *(.gnu.linkonce.wi.*)

.debug_abbrev   0x00000000      0x315
 *(.debug_abbrev)
 .debug_abbrev  0x00000000      0x167 obj/servo1.o
 .debug_abbrev  0x00000167      0x1ae obj/lcd.o

.debug_line     0x00000000      0x5a8
 *(.debug_line)
 .debug_line    0x00000000      0x29f obj/servo1.o
 .debug_line    0x0000029f      0x309 obj/lcd.o

.debug_frame
 *(.debug_frame)

.debug_str      0x00000000      0x252
 *(.debug_str)
 .debug_str     0x00000000      0x140 obj/servo1.o
                                0x181 (size before relaxing)
 .debug_str     0x00000140      0x112 obj/lcd.o
                                0x21d (size before relaxing)

.debug_loc
 *(.debug_loc)

.debug_macinfo
 *(.debug_macinfo)
OUTPUT(servo1.elf elf32-avr)

.debug_ranges   0x000004de        0xc
 .debug_ranges  0x000004de        0xc obj/lcd.o

Cross Reference Table

Symbol                                            File
__bad_interrupt                                   C:/Programme/WinAVR/bin/../lib/gcc/avr/3.4.6/../../../../avr/lib/crts8535.o
__bss_end                                         C:/Programme/WinAVR/lib/gcc/avr/3.4.6\libgcc.a(_clear_bss.o)
__bss_start                                       C:/Programme/WinAVR/lib/gcc/avr/3.4.6\libgcc.a(_clear_bss.o)
__data_end                                        C:/Programme/WinAVR/lib/gcc/avr/3.4.6\libgcc.a(_copy_data.o)
__data_load_start                                 C:/Programme/WinAVR/lib/gcc/avr/3.4.6\libgcc.a(_copy_data.o)
__data_start                                      C:/Programme/WinAVR/lib/gcc/avr/3.4.6\libgcc.a(_copy_data.o)
__do_clear_bss                                    C:/Programme/WinAVR/lib/gcc/avr/3.4.6\libgcc.a(_clear_bss.o)
                                                  obj/lcd.o
                                                  obj/servo1.o
__do_copy_data                                    C:/Programme/WinAVR/lib/gcc/avr/3.4.6\libgcc.a(_copy_data.o)
                                                  obj/lcd.o
                                                  obj/servo1.o
__heap_end                                        C:/Programme/WinAVR/bin/../lib/gcc/avr/3.4.6/../../../../avr/lib/crts8535.o
__init                                            C:/Programme/WinAVR/bin/../lib/gcc/avr/3.4.6/../../../../avr/lib/crts8535.o
__stack                                           C:/Programme/WinAVR/bin/../lib/gcc/avr/3.4.6/../../../../avr/lib/crts8535.o
                                                  obj/servo1.o
__udivmodhi4                                      C:/Programme/WinAVR/lib/gcc/avr/3.4.6\libgcc.a(_udivmodhi4.o)
                                                  obj/servo1.o
__vector_1                                        C:/Programme/WinAVR/bin/../lib/gcc/avr/3.4.6/../../../../avr/lib/crts8535.o
__vector_10                                       C:/Programme/WinAVR/bin/../lib/gcc/avr/3.4.6/../../../../avr/lib/crts8535.o
__vector_11                                       C:/Programme/WinAVR/bin/../lib/gcc/avr/3.4.6/../../../../avr/lib/crts8535.o
__vector_12                                       C:/Programme/WinAVR/bin/../lib/gcc/avr/3.4.6/../../../../avr/lib/crts8535.o
__vector_13                                       C:/Programme/WinAVR/bin/../lib/gcc/avr/3.4.6/../../../../avr/lib/crts8535.o
__vector_14                                       C:/Programme/WinAVR/bin/../lib/gcc/avr/3.4.6/../../../../avr/lib/crts8535.o
__vector_15                                       C:/Programme/WinAVR/bin/../lib/gcc/avr/3.4.6/../../../../avr/lib/crts8535.o
__vector_16                                       C:/Programme/WinAVR/bin/../lib/gcc/avr/3.4.6/../../../../avr/lib/crts8535.o
__vector_2                                        C:/Programme/WinAVR/bin/../lib/gcc/avr/3.4.6/../../../../avr/lib/crts8535.o
__vector_3                                        C:/Programme/WinAVR/bin/../lib/gcc/avr/3.4.6/../../../../avr/lib/crts8535.o
__vector_4                                        C:/Programme/WinAVR/bin/../lib/gcc/avr/3.4.6/../../../../avr/lib/crts8535.o
__vector_5                                        C:/Programme/WinAVR/bin/../lib/gcc/avr/3.4.6/../../../../avr/lib/crts8535.o
__vector_6                                        obj/servo1.o
                                                  C:/Programme/WinAVR/bin/../lib/gcc/avr/3.4.6/../../../../avr/lib/crts8535.o
__vector_7                                        C:/Programme/WinAVR/bin/../lib/gcc/avr/3.4.6/../../../../avr/lib/crts8535.o
__vector_8                                        C:/Programme/WinAVR/bin/../lib/gcc/avr/3.4.6/../../../../avr/lib/crts8535.o
__vector_9                                        C:/Programme/WinAVR/bin/../lib/gcc/avr/3.4.6/../../../../avr/lib/crts8535.o
__vector_default                                  C:/Programme/WinAVR/bin/../lib/gcc/avr/3.4.6/../../../../avr/lib/crts8535.o
__vectors                                         C:/Programme/WinAVR/bin/../lib/gcc/avr/3.4.6/../../../../avr/lib/crts8535.o
lcd_clrscr                                        obj/lcd.o
lcd_command                                       obj/lcd.o
lcd_getxy                                         obj/lcd.o
lcd_gotoxy                                        obj/lcd.o
                                                  obj/servo1.o
lcd_home                                          obj/lcd.o
lcd_init                                          obj/lcd.o
                                                  obj/servo1.o
lcd_putc                                          obj/lcd.o
lcd_puts                                          obj/lcd.o
                                                  obj/servo1.o
lcd_puts_p                                        obj/lcd.o
main                                              obj/servo1.o
                                                  C:/Programme/WinAVR/bin/../lib/gcc/avr/3.4.6/../../../../avr/lib/crts8535.o
servo_busy                                        obj/servo1.o
sprintf                                           obj/servo1.o
startservopuls                                    obj/servo1.o
strcat                                            C:/Programme/WinAVR/bin/../lib/gcc/avr/3.4.6/../../../../avr/lib\libc.a(strcat.o)
                                                  obj/servo1.o
