Archive member included because of file (symbol)

c:/program files (x86)/atmel/studio/7.0/toolchain/avr32/avr32-gnu-toolchain/bin/../lib/gcc/avr32/4.4.7/../../../../avr32/lib/ucr2\libm.a(lib_a-s_frexp.o)
                              src/shell/fscmds.o (frexp)
c:/program files (x86)/atmel/studio/7.0/toolchain/avr32/avr32-gnu-toolchain/bin/../lib/gcc/avr32/4.4.7/ucr2\libgcc.a(_avr32_f64_mul.o)
                              c:/program files (x86)/atmel/studio/7.0/toolchain/avr32/avr32-gnu-toolchain/bin/../lib/gcc/avr32/4.4.7/../../../../avr32/lib/ucr2\libm.a(lib_a-s_frexp.o) (__avr32_f64_mul)
c:/program files (x86)/atmel/studio/7.0/toolchain/avr32/avr32-gnu-toolchain/bin/../lib/gcc/avr32/4.4.7/ucr2\libgcc.a(_avr32_s32_to_f64.o)
                              src/shell/fscmds.o (__avr32_s32_to_f64)
c:/program files (x86)/atmel/studio/7.0/toolchain/avr32/avr32-gnu-toolchain/bin/../lib/gcc/avr32/4.4.7/../../../../avr32/lib/ucr2\libc.a(lib_a-atexit.o)
                              c:/program files (x86)/atmel/studio/7.0/toolchain/avr32/avr32-gnu-toolchain/bin/../lib/gcc/avr32/4.4.7/../../../../avr32/lib/ucr2/crt0.o (atexit)
c:/program files (x86)/atmel/studio/7.0/toolchain/avr32/avr32-gnu-toolchain/bin/../lib/gcc/avr32/4.4.7/../../../../avr32/lib/ucr2\libc.a(lib_a-atoi.o)
                              src/actuators/cpled.o (atoi)
c:/program files (x86)/atmel/studio/7.0/toolchain/avr32/avr32-gnu-toolchain/bin/../lib/gcc/avr32/4.4.7/../../../../avr32/lib/ucr2\libc.a(lib_a-atol.o)
                              src/sensors/temperature.o (atol)
c:/program files (x86)/atmel/studio/7.0/toolchain/avr32/avr32-gnu-toolchain/bin/../lib/gcc/avr32/4.4.7/../../../../avr32/lib/ucr2\libc.a(lib_a-ctype_.o)
                              src/ASF/avr32/services/fs/fat/navigation.o (__ctype_ptr)
c:/program files (x86)/atmel/studio/7.0/toolchain/avr32/avr32-gnu-toolchain/bin/../lib/gcc/avr32/4.4.7/../../../../avr32/lib/ucr2\libc.a(lib_a-exit.o)
                              c:/program files (x86)/atmel/studio/7.0/toolchain/avr32/avr32-gnu-toolchain/bin/../lib/gcc/avr32/4.4.7/../../../../avr32/lib/ucr2/crt0.o (exit)
c:/program files (x86)/atmel/studio/7.0/toolchain/avr32/avr32-gnu-toolchain/bin/../lib/gcc/avr32/4.4.7/../../../../avr32/lib/ucr2\libc.a(lib_a-gmtime.o)
                              src/localctrl/cptime.o (gmtime)
c:/program files (x86)/atmel/studio/7.0/toolchain/avr32/avr32-gnu-toolchain/bin/../lib/gcc/avr32/4.4.7/../../../../avr32/lib/ucr2\libc.a(lib_a-gmtime_r.o)
                              c:/program files (x86)/atmel/studio/7.0/toolchain/avr32/avr32-gnu-toolchain/bin/../lib/gcc/avr32/4.4.7/../../../../avr32/lib/ucr2\libc.a(lib_a-gmtime.o) (gmtime_r)
c:/program files (x86)/atmel/studio/7.0/toolchain/avr32/avr32-gnu-toolchain/bin/../lib/gcc/avr32/4.4.7/../../../../avr32/lib/ucr2\libc.a(lib_a-impure.o)
                              c:/program files (x86)/atmel/studio/7.0/toolchain/avr32/avr32-gnu-toolchain/bin/../lib/gcc/avr32/4.4.7/../../../../avr32/lib/ucr2\libc.a(lib_a-gmtime.o) (_impure_ptr)
c:/program files (x86)/atmel/studio/7.0/toolchain/avr32/avr32-gnu-toolchain/bin/../lib/gcc/avr32/4.4.7/../../../../avr32/lib/ucr2\libc.a(lib_a-malloc.o)
                              src/ASF/thirdparty/freertos/freertos-7.0.0/source/portable/memmang/heap_3.o (free)
c:/program files (x86)/atmel/studio/7.0/toolchain/avr32/avr32-gnu-toolchain/bin/../lib/gcc/avr32/4.4.7/../../../../avr32/lib/ucr2\libc.a(lib_a-mallocr.o)
                              c:/program files (x86)/atmel/studio/7.0/toolchain/avr32/avr32-gnu-toolchain/bin/../lib/gcc/avr32/4.4.7/../../../../avr32/lib/ucr2\libc.a(lib_a-malloc.o) (_malloc_r)
c:/program files (x86)/atmel/studio/7.0/toolchain/avr32/avr32-gnu-toolchain/bin/../lib/gcc/avr32/4.4.7/../../../../avr32/lib/ucr2\libc.a(lib_a-memcmp.o)
                              src/ASF/avr32/services/fs/fat/fat_unusual.o (memcmp)
c:/program files (x86)/atmel/studio/7.0/toolchain/avr32/avr32-gnu-toolchain/bin/../lib/gcc/avr32/4.4.7/../../../../avr32/lib/ucr2\libc.a(lib_a-memcpy.o)
                              src/ASF/avr32/drivers/flashc/flashc.o (memcpy)
c:/program files (x86)/atmel/studio/7.0/toolchain/avr32/avr32-gnu-toolchain/bin/../lib/gcc/avr32/4.4.7/../../../../avr32/lib/ucr2\libc.a(lib_a-memset.o)
                              src/ASF/avr32/services/fs/fat/fat.o (memset)
c:/program files (x86)/atmel/studio/7.0/toolchain/avr32/avr32-gnu-toolchain/bin/../lib/gcc/avr32/4.4.7/../../../../avr32/lib/ucr2\libc.a(lib_a-mktime.o)
                              src/localctrl/cptime.o (mktime)
c:/program files (x86)/atmel/studio/7.0/toolchain/avr32/avr32-gnu-toolchain/bin/../lib/gcc/avr32/4.4.7/../../../../avr32/lib/ucr2\libc.a(lib_a-mktm_r.o)
                              c:/program files (x86)/atmel/studio/7.0/toolchain/avr32/avr32-gnu-toolchain/bin/../lib/gcc/avr32/4.4.7/../../../../avr32/lib/ucr2\libc.a(lib_a-mktime.o) (__tzcalc_limits)
[...]
Memory Configuration

Name             Origin             Length             Attributes
FLASH            0x80000000         0x00080000         axrl !w
INTRAM           0x00000004         0x0000fffc         axw !rl
USERPAGE         0x80800000         0x00000200
*default*        0x00000000         0xffffffff

Linker script and memory map

                0x00001000                _stack_size = 0x1000
LOAD c:/program files (x86)/atmel/studio/7.0/toolchain/avr32/avr32-gnu-toolchain/bin/../lib/gcc/avr32/4.4.7/../../../../avr32/lib/ucr2/crt0.o
LOAD c:/program files (x86)/atmel/studio/7.0/toolchain/avr32/avr32-gnu-toolchain/bin/../lib/gcc/avr32/4.4.7/ucr2/crti.o
LOAD c:/program files (x86)/atmel/studio/7.0/toolchain/avr32/avr32-gnu-toolchain/bin/../lib/gcc/avr32/4.4.7/ucr2/crtbegin.o
LOAD src/actuators/actuator.o
LOAD src/actuators/cpled.o
LOAD src/actuators/lcd.o
LOAD src/ASF/avr32/boards/evk1100/led.o
LOAD src/ASF/avr32/components/display/dip204/dip204.o
LOAD src/ASF/avr32/components/memory/sd_mmc/sd_mmc_spi/sd_mmc_spi.o
LOAD src/ASF/avr32/components/memory/sd_mmc/sd_mmc_spi/sd_mmc_spi_mem.o
LOAD src/ASF/avr32/drivers/adc/adc.o
LOAD src/ASF/avr32/drivers/ebi/sdramc/sdramc.o
LOAD src/ASF/avr32/drivers/flashc/flashc.o
LOAD src/ASF/avr32/drivers/gpio/gpio.o
LOAD src/ASF/avr32/drivers/intc/intc.o
LOAD src/ASF/avr32/drivers/macb/macb.o
LOAD src/ASF/avr32/drivers/pm/pm.o
LOAD src/ASF/avr32/drivers/pm/pm_conf_clocks.o
LOAD src/ASF/avr32/drivers/pm/power_clocks_lib.o
LOAD src/ASF/avr32/drivers/pwm/pwm.o
LOAD src/ASF/avr32/drivers/spi/spi.o
LOAD src/ASF/avr32/drivers/tc/tc.o
LOAD src/ASF/avr32/drivers/usart/usart.o
LOAD src/ASF/avr32/drivers/usbb/_asf_v1/enum/device/usb_device_task.o
LOAD src/ASF/avr32/drivers/usbb/_asf_v1/enum/device/usb_standard_request.o
LOAD src/ASF/avr32/drivers/usbb/_asf_v1/enum/host/usb_host_enum.o
LOAD src/ASF/avr32/drivers/usbb/_asf_v1/enum/host/usb_host_task.o
LOAD src/ASF/avr32/drivers/usbb/_asf_v1/enum/usb_task.o
LOAD src/ASF/avr32/drivers/usbb/_asf_v1/usb_drv.o
LOAD src/ASF/avr32/services/fs/fat/fat.o
LOAD src/ASF/avr32/services/fs/fat/fat_unusual.o
LOAD src/ASF/avr32/services/fs/fat/file.o
LOAD src/ASF/avr32/services/fs/fat/fsaccess.o
LOAD src/ASF/avr32/services/fs/fat/navigation.o
LOAD src/ASF/avr32/services/usb/_asf_v1/class/mass_storage/host_mem/host_mem.o
LOAD src/ASF/avr32/services/usb/_asf_v1/class/mass_storage/scsi_decoder/scsi_decoder.o
LOAD src/ASF/avr32/utils/debug/print_funcs.o
LOAD src/ASF/avr32/utils/startup/trampoline_uc3.o
LOAD src/ASF/common/components/memory/data_flash/at45dbx/_asf_v1/at45dbx.o
LOAD src/ASF/common/components/memory/data_flash/at45dbx/_asf_v1/at45dbx_mem.o
LOAD src/ASF/common/services/clock/uc3a0_a1/sysclk.o
LOAD src/ASF/common/services/storage/ctrl_access/ctrl_access.o
LOAD src/ASF/thirdparty/freertos/freertos-7.0.0/source/croutine.o
LOAD src/ASF/thirdparty/freertos/freertos-7.0.0/source/list.o
LOAD src/ASF/thirdparty/freertos/freertos-7.0.0/source/portable/gcc/avr32_uc3/exception.o
LOAD src/ASF/thirdparty/freertos/freertos-7.0.0/source/portable/gcc/avr32_uc3/port.o
LOAD src/ASF/thirdparty/freertos/freertos-7.0.0/source/portable/gcc/avr32_uc3/read.o
LOAD src/ASF/thirdparty/freertos/freertos-7.0.0/source/portable/gcc/avr32_uc3/write.o
LOAD src/ASF/thirdparty/freertos/freertos-7.0.0/source/portable/memmang/heap_3.o
LOAD src/ASF/thirdparty/freertos/freertos-7.0.0/source/queue.o
LOAD src/ASF/thirdparty/freertos/freertos-7.0.0/source/tasks.o
LOAD src/ASF/thirdparty/freertos/freertos-7.0.0/source/timers.o
LOAD src/ASF/thirdparty/lwip/lwip-1.4.0/src/api/api_lib.o
LOAD src/ASF/thirdparty/lwip/lwip-1.4.0/src/api/api_msg.o
LOAD src/ASF/thirdparty/lwip/lwip-1.4.0/src/api/err.o
LOAD src/ASF/thirdparty/lwip/lwip-1.4.0/src/api/netbuf.o
LOAD src/ASF/thirdparty/lwip/lwip-1.4.0/src/api/netdb.o
LOAD src/ASF/thirdparty/lwip/lwip-1.4.0/src/api/netifapi.o
LOAD src/ASF/thirdparty/lwip/lwip-1.4.0/src/api/sockets.o
LOAD src/ASF/thirdparty/lwip/lwip-1.4.0/src/api/tcpip.o
LOAD src/ASF/thirdparty/lwip/lwip-1.4.0/src/core/def.o
LOAD src/ASF/thirdparty/lwip/lwip-1.4.0/src/core/dhcp.o
LOAD src/ASF/thirdparty/lwip/lwip-1.4.0/src/core/dns.o
LOAD src/ASF/thirdparty/lwip/lwip-1.4.0/src/core/init.o
LOAD src/ASF/thirdparty/lwip/lwip-1.4.0/src/core/ipv4/autoip.o
LOAD src/ASF/thirdparty/lwip/lwip-1.4.0/src/core/ipv4/icmp.o
LOAD src/ASF/thirdparty/lwip/lwip-1.4.0/src/core/ipv4/igmp.o
LOAD src/ASF/thirdparty/lwip/lwip-1.4.0/src/core/ipv4/inet.o
LOAD src/ASF/thirdparty/lwip/lwip-1.4.0/src/core/ipv4/inet_chksum.o
LOAD src/ASF/thirdparty/lwip/lwip-1.4.0/src/core/ipv4/ip.o
LOAD src/ASF/thirdparty/lwip/lwip-1.4.0/src/core/ipv4/ip_addr.o
LOAD src/ASF/thirdparty/lwip/lwip-1.4.0/src/core/ipv4/ip_frag.o
LOAD src/ASF/thirdparty/lwip/lwip-1.4.0/src/core/lwip_timers_140.o
LOAD src/ASF/thirdparty/lwip/lwip-1.4.0/src/core/mem.o
LOAD src/ASF/thirdparty/lwip/lwip-1.4.0/src/core/memp.o
LOAD src/ASF/thirdparty/lwip/lwip-1.4.0/src/core/netif.o
LOAD src/ASF/thirdparty/lwip/lwip-1.4.0/src/core/pbuf.o
LOAD src/ASF/thirdparty/lwip/lwip-1.4.0/src/core/raw.o
LOAD src/ASF/thirdparty/lwip/lwip-1.4.0/src/core/stats.o
LOAD src/ASF/thirdparty/lwip/lwip-1.4.0/src/core/sys.o
LOAD src/ASF/thirdparty/lwip/lwip-1.4.0/src/core/tcp.o
LOAD src/ASF/thirdparty/lwip/lwip-1.4.0/src/core/tcp_in.o
LOAD src/ASF/thirdparty/lwip/lwip-1.4.0/src/core/tcp_out.o
LOAD src/ASF/thirdparty/lwip/lwip-1.4.0/src/core/udp.o
LOAD src/ASF/thirdparty/lwip/lwip-1.4.0/src/netif/etharp.o
LOAD src/ASF/thirdparty/lwip/lwip-port-1.4.0/at32uc3/netif/ethernetif.o
LOAD src/ASF/thirdparty/lwip/lwip-port-1.4.0/at32uc3/sys_arch.o
LOAD src/config/config_file.o
LOAD src/localctrl/cptime.o
LOAD src/localctrl/datalog.o
LOAD src/localctrl/supervisor.o
LOAD src/localctrl/syscmds.o
LOAD src/main.o
LOAD src/mmi/mmi.o
LOAD src/network/ethernet.o
LOAD src/network/smtpclient/BasicSMTP.o
LOAD src/network/tftpserver/BasicTFTP.o
LOAD src/network/webserver/BasicWEB.o
LOAD src/sensors/joystick.o
LOAD src/sensors/light.o
LOAD src/sensors/potentiometer.o
LOAD src/sensors/pushb.o
LOAD src/sensors/sensor.o
LOAD src/sensors/temperature.o
LOAD src/serial/serial.o
LOAD src/shell/com1shell.o
LOAD src/shell/fscmds.o
LOAD src/shell/shell.o
LOAD src/usb/appli/enum/device/usb_descriptors.o
LOAD src/usb/appli/enum/device/usb_specific_request.o
LOAD src/usb/appli/mass_storage/device_mass_storage_task.o
LOAD src/usb/appli/mass_storage/host_mass_storage_task.o
LOAD src/usb/appli/usbsys.o
LOAD src/utils/printf-stdarg.o
LOAD src/utils/tracedump.o
START GROUP
LOAD c:/program files (x86)/atmel/studio/7.0/toolchain/avr32/avr32-gnu-toolchain/bin/../lib/gcc/avr32/4.4.7/../../../../avr32/lib/ucr2\libm.a
END GROUP
LOAD c:/program files (x86)/atmel/studio/7.0/toolchain/avr32/avr32-gnu-toolchain/bin/../lib/gcc/avr32/4.4.7/ucr2\libgcc.a
LOAD c:/program files (x86)/atmel/studio/7.0/toolchain/avr32/avr32-gnu-toolchain/bin/../lib/gcc/avr32/4.4.7/../../../../avr32/lib/ucr2\libc.a
LOAD c:/program files (x86)/atmel/studio/7.0/toolchain/avr32/avr32-gnu-toolchain/bin/../lib/gcc/avr32/4.4.7/ucr2\libgcc.a
LOAD c:/program files (x86)/atmel/studio/7.0/toolchain/avr32/avr32-gnu-toolchain/bin/../lib/gcc/avr32/4.4.7/ucr2/crtend.o
LOAD c:/program files (x86)/atmel/studio/7.0/toolchain/avr32/avr32-gnu-toolchain/bin/../lib/gcc/avr32/4.4.7/ucr2/crtn.o
                0xffffffff                __max_heap_size__ = 0xffffffff
                [0xffffffff]                __heap_size__ = DEFINED (__heap_size__)?__heap_size__:__max_heap_size__
                [0x00001000]                __stack_size__ = DEFINED (__stack_size__)?__stack_size__:0x1000
                0x80000000                PROVIDE (__executable_start, 0x80000000)
                0x80000000                . = 0x80000000

.interp
 *(.interp)

.reset          0x80000000     0x200c
 *(.reset)
 .reset         0x80000000        0x8 c:/program files (x86)/atmel/studio/7.0/toolchain/avr32/avr32-gnu-toolchain/bin/../lib/gcc/avr32/4.4.7/../../../../avr32/lib/ucr2/crt0.o
                0x80000000                _start
 .reset         0x80000008     0x2004 src/ASF/avr32/utils/startup/trampoline_uc3.o
                               0x2008 (size before relaxing)
                0x80000008                _trampoline

.hash
 *(.hash)

.dynsym
 *(.dynsym)

.dynstr
 *(.dynstr)

.gnu.version
 *(.gnu.version)

.gnu.version_d
 *(.gnu.version_d)

.gnu.version_r
 *(.gnu.version_r)

.rel.init
 *(.rel.init)

.rela.init
 *(.rela.init)

.rel.text
 *(.rel.text .rel.text.* .rel.gnu.linkonce.t.*)

.rela.text
 *(.rela.text .rela.text.* .rela.gnu.linkonce.t.*)

.rel.fini
 *(.rel.fini)

.rela.fini
 *(.rela.fini)

.rel.rodata
 *(.rel.rodata .rel.rodata.* .rel.gnu.linkonce.r.*)

.rela.rodata
 *(.rela.rodata .rela.rodata.* .rela.gnu.linkonce.r.*)

.rel.data.rel.ro
 *(.rel.data.rel.ro*)

.rela.data.rel.ro
 *(.rel.data.rel.ro*)

.rel.data
 *(.rel.data .rel.data.* .rel.gnu.linkonce.d.*)

.rela.data
 *(.rela.data .rela.data.* .rela.gnu.linkonce.d.*)

.rel.tdata
 *(.rel.tdata .rel.tdata.* .rel.gnu.linkonce.td.*)

.rela.tdata
 *(.rela.tdata .rela.tdata.* .rela.gnu.linkonce.td.*)

.rel.tbss
 *(.rel.tbss .rel.tbss.* .rel.gnu.linkonce.tb.*)

.rela.tbss
 *(.rela.tbss .rela.tbss.* .rela.gnu.linkonce.tb.*)

.rel.ctors
 *(.rel.ctors)

.rela.ctors
 *(.rela.ctors)

.rel.dtors
 *(.rel.dtors)

.rela.dtors
 *(.rela.dtors)

.rel.got
 *(.rel.got)

.rela.got       0x8000200c        0x0
 *(.rela.got)
 .rela.got      0x8000200c        0x0 c:/program files (x86)/atmel/studio/7.0/toolchain/avr32/avr32-gnu-toolchain/bin/../lib/gcc/avr32/4.4.7/../../../../avr32/lib/ucr2/crt0.o

.rel.bss
 *(.rel.bss .rel.bss.* .rel.gnu.linkonce.b.*)

.rela.bss
 *(.rela.bss .rela.bss.* .rela.gnu.linkonce.b.*)

.rel.plt
 *(.rel.plt)

.rela.plt
 *(.rela.plt)

.init           0x8000200c       0x1a
 *(.init)
 .init          0x8000200c       0x10 c:/program files (x86)/atmel/studio/7.0/toolchain/avr32/avr32-gnu-toolchain/bin/../lib/gcc/avr32/4.4.7/ucr2/crti.o
                0x8000200c                _init
 .init          0x8000201c        0x2 c:/program files (x86)/atmel/studio/7.0/toolchain/avr32/avr32-gnu-toolchain/bin/../lib/gcc/avr32/4.4.7/ucr2/crtbegin.o
                                  0x4 (size before relaxing)
 .init          0x8000201e        0x4 c:/program files (x86)/atmel/studio/7.0/toolchain/avr32/avr32-gnu-toolchain/bin/../lib/gcc/avr32/4.4.7/ucr2/crtend.o
 .init          0x80002022        0x4 c:/program files (x86)/atmel/studio/7.0/toolchain/avr32/avr32-gnu-toolchain/bin/../lib/gcc/avr32/4.4.7/ucr2/crtn.o

.plt
 *(.plt)

.text           0x80002028     0x2334
 *(.text .stub .text.* .gnu.linkonce.t.*)
 .text          0x80002028       0x60 c:/program files (x86)/atmel/studio/7.0/toolchain/avr32/avr32-gnu-toolchain/bin/../lib/gcc/avr32/4.4.7/../../../../avr32/lib/ucr2/crt0.o
                                 0x84 (size before relaxing)
                0x80002028                _stext
 .text          0x80002088       0x54 c:/program files (x86)/atmel/studio/7.0/toolchain/avr32/avr32-gnu-toolchain/bin/../lib/gcc/avr32/4.4.7/ucr2/crtbegin.o
                                 0x64 (size before relaxing)
 .text.dip204_select
                0x800020dc       0x14 src/ASF/avr32/components/display/dip204/dip204.o
 .text.dip204_write_byte
                0x800020f0       0x58 src/ASF/avr32/components/display/dip204/dip204.o
 .text.dip204_read_byte
                0x80002148       0x3c src/ASF/avr32/components/display/dip204/dip204.o
 .text.dip204_wait_busy
                0x80002184       0x34 src/ASF/avr32/components/display/dip204/dip204.o
 .text.dip204_unselect
                0x800021b8       0x14 src/ASF/avr32/components/display/dip204/dip204.o
 .text.dip204_write_string
                0x800021cc       0x58 src/ASF/avr32/components/display/dip204/dip204.o
                0x800021cc                dip204_write_string
 .text.dip204_set_cursor_position
                0x80002224       0x5c src/ASF/avr32/components/display/dip204/dip204.o
                0x80002224                dip204_set_cursor_position
 .text.dip204_write_data
                0x80002280       0x34 src/ASF/avr32/components/display/dip204/dip204.o
                0x80002280                dip204_write_data
 .text.dip204_hide_cursor
                0x800022b4       0x30 src/ASF/avr32/components/display/dip204/dip204.o
                0x800022b4                dip204_hide_cursor
 .text.dip204_set_backlight
                0x800022e4       0x8c src/ASF/avr32/components/display/dip204/dip204.o
                0x800022e4                dip204_set_backlight
 .text.dip204_init
                0x80002370      0x244 src/ASF/avr32/components/display/dip204/dip204.o
                0x80002370                dip204_init
 .text.gpio_enable_module_pin
                0x800025b4       0x52 src/ASF/avr32/drivers/gpio/gpio.o
                0x800025b4                gpio_enable_module_pin
 *fill*         0x80002606        0x2 d703d703
 .text.gpio_enable_module
                0x80002608       0x30 src/ASF/avr32/drivers/gpio/gpio.o
                0x80002608                gpio_enable_module
 .text.gpio_set_gpio_pin
                0x80002638       0x1c src/ASF/avr32/drivers/gpio/gpio.o
                0x80002638                gpio_set_gpio_pin
 .text.gpio_clr_gpio_pin
                0x80002654       0x1c src/ASF/avr32/drivers/gpio/gpio.o
                0x80002654                gpio_clr_gpio_pin
 .text.gpio_enable_pin_interrupt
                0x80002670       0x46 src/ASF/avr32/drivers/gpio/gpio.o
                0x80002670                gpio_enable_pin_interrupt
 .text.gpio_get_pin_interrupt_flag
                0x800026b6       0x18 src/ASF/avr32/drivers/gpio/gpio.o
                0x800026b6                gpio_get_pin_interrupt_flag
 .text.gpio_clear_pin_interrupt_flag
                0x800026ce       0x16 src/ASF/avr32/drivers/gpio/gpio.o
                0x800026ce                gpio_clear_pin_interrupt_flag
 .text._unhandled_interrupt
                0x800026e4        0x2 src/ASF/avr32/drivers/intc/intc.o
 *fill*         0x800026e6        0x2 d703d703
 .text.INTC_register_interrupt
                0x800026e8       0x80 src/ASF/avr32/drivers/intc/intc.o
                0x800026e8                INTC_register_interrupt
 .text.INTC_init_interrupts
                0x80002768       0x54 src/ASF/avr32/drivers/intc/intc.o
                0x80002768                INTC_init_interrupts
 .text._get_interrupt_handler
                0x800027bc       0x38 src/ASF/avr32/drivers/intc/intc.o
                0x800027bc                _get_interrupt_handler
 .text.pm_set_osc0_mode
                0x800027f4        0xa src/ASF/avr32/drivers/pm/pm.o
 *fill*         0x800027fe        0x2 d703d703
 .text.pm_enable_osc0_crystal
                0x80002800       0x3c src/ASF/avr32/drivers/pm/pm.o
                0x80002800                pm_enable_osc0_crystal
 .text.pm_enable_clk0_no_wait
                0x8000283c       0x10 src/ASF/avr32/drivers/pm/pm.o
                0x8000283c                pm_enable_clk0_no_wait
 .text.pm_wait_for_clk0_ready
                0x8000284c        0xa src/ASF/avr32/drivers/pm/pm.o
                0x8000284c                pm_wait_for_clk0_ready
 *fill*         0x80002856        0x2 d703d703
 .text.pm_enable_clk0
                0x80002858       0x1c src/ASF/avr32/drivers/pm/pm.o
                0x80002858                pm_enable_clk0
 .text.pm_switch_to_clock
                0x80002874        0xa src/ASF/avr32/drivers/pm/pm.o
                0x80002874                pm_switch_to_clock
 *fill*         0x8000287e        0x2 d703d703
 .text.pm_switch_to_osc0
                0x80002880       0x2c src/ASF/avr32/drivers/pm/pm.o
                0x80002880                pm_switch_to_osc0
 .text.pwm_channel_init
                0x800028ac       0x36 src/ASF/avr32/drivers/pwm/pwm.o
                0x800028ac                pwm_channel_init
 .text.pwm_start_channels
                0x800028e2       0x12 src/ASF/avr32/drivers/pwm/pwm.o
                0x800028e2                pwm_start_channels
 .text.pwm_sync_update_channel
                0x800028f4       0x38 src/ASF/avr32/drivers/pwm/pwm.o
                0x800028f4                pwm_sync_update_channel
 .text.pwm_init
                0x8000292c       0x46 src/ASF/avr32/drivers/pwm/pwm.o
                0x8000292c                pwm_init
 .text.getBaudDiv
                0x80002972       0x20 src/ASF/avr32/drivers/spi/spi.o
                0x80002972                getBaudDiv
 .text.spi_initMaster
                0x80002992       0x38 src/ASF/avr32/drivers/spi/spi.o
                0x80002992                spi_initMaster
 .text.spi_selectionMode
                0x800029ca       0x2c src/ASF/avr32/drivers/spi/spi.o
                0x800029ca                spi_selectionMode
 .text.spi_enable
                0x800029f6        0x6 src/ASF/avr32/drivers/spi/spi.o
                0x800029f6                spi_enable
 .text.spi_write
                0x800029fc       0x1c src/ASF/avr32/drivers/spi/spi.o
                0x800029fc                spi_write
 .text.spi_read
                0x80002a18       0x20 src/ASF/avr32/drivers/spi/spi.o
                0x80002a18                spi_read
 .text.spi_setupChipReg
                0x80002a38       0xe8 src/ASF/avr32/drivers/spi/spi.o
                0x80002a38                spi_setupChipReg
 .text.spi_unselectChip
                0x80002b20       0x40 src/ASF/avr32/drivers/spi/spi.o
                0x80002b20                spi_unselectChip
 .text.spi_selectChip
                0x80002b60       0x78 src/ASF/avr32/drivers/spi/spi.o
                0x80002b60                spi_selectChip
 .text.vListInitialise
                0x80002bd8       0x14 src/ASF/thirdparty/freertos/freertos-7.0.0/source/list.o
                0x80002bd8                vListInitialise
 .text.vListInsertEnd
                0x80002bec       0x1c src/ASF/thirdparty/freertos/freertos-7.0.0/source/list.o
                0x80002bec                vListInsertEnd
 .text.vListInsert
                0x80002c08       0x34 src/ASF/thirdparty/freertos/freertos-7.0.0/source/list.o
                0x80002c08                vListInsert
 .text.vListRemove
                0x80002c3c       0x26 src/ASF/thirdparty/freertos/freertos-7.0.0/source/list.o
                0x80002c3c                vListRemove
 *fill*         0x80002c62        0x2 d703d703
 .text.vPortEnterCritical
                0x80002c64       0x10 src/ASF/thirdparty/freertos/freertos-7.0.0/source/portable/gcc/avr32_uc3/port.o
                0x80002c64                vPortEnterCritical
 .text.SCALLYield
                0x80002c74       0x98 src/ASF/thirdparty/freertos/freertos-7.0.0/source/portable/gcc/avr32_uc3/port.o
                0x80002c74                SCALLYield
 .text.vPortExitCritical
                0x80002d0c       0x20 src/ASF/thirdparty/freertos/freertos-7.0.0/source/portable/gcc/avr32_uc3/port.o
                0x80002d0c                vPortExitCritical
 .text.__malloc_lock
                0x80002d2c        0xc src/ASF/thirdparty/freertos/freertos-7.0.0/source/portable/gcc/avr32_uc3/port.o
                0x80002d2c                __malloc_lock
 .text.__malloc_unlock
                0x80002d38        0xc src/ASF/thirdparty/freertos/freertos-7.0.0/source/portable/gcc/avr32_uc3/port.o
                0x80002d38                __malloc_unlock
 .text._init_startup
                0x80002d44       0x38 src/ASF/thirdparty/freertos/freertos-7.0.0/source/portable/gcc/avr32_uc3/port.o
                0x80002d44                _init_startup
 .text.vPortFree
                0x80002d7c       0x28 src/ASF/thirdparty/freertos/freertos-7.0.0/source/portable/memmang/heap_3.o
                0x80002d7c                vPortFree
 .text.pvPortMalloc
                0x80002da4       0x28 src/ASF/thirdparty/freertos/freertos-7.0.0/source/portable/memmang/heap_3.o
                0x80002da4                pvPortMalloc
 .text.prvCopyDataFromQueue
                0x80002dcc       0x30 src/ASF/thirdparty/freertos/freertos-7.0.0/source/queue.o
 .text.prvCopyDataToQueue
                0x80002dfc       0x64 src/ASF/thirdparty/freertos/freertos-7.0.0/source/queue.o
 .text.prvUnlockQueue
                0x80002e60       0xa0 src/ASF/thirdparty/freertos/freertos-7.0.0/source/queue.o
 .text.xQueueGenericReceive
                0x80002f00      0x11c src/ASF/thirdparty/freertos/freertos-7.0.0/source/queue.o
                0x80002f00                xQueueGenericReceive
 .text.xQueueGenericSend
                0x8000301c      0x100 src/ASF/thirdparty/freertos/freertos-7.0.0/source/queue.o
                0x8000301c                xQueueGenericSend
 .text.xQueueCreate
                0x8000311c       0x74 src/ASF/thirdparty/freertos/freertos-7.0.0/source/queue.o
                0x8000311c                xQueueCreate
 .text.vTaskSuspendAll
                0x80003190       0x10 src/ASF/thirdparty/freertos/freertos-7.0.0/source/tasks.o
                0x80003190                vTaskSuspendAll
 .text.vTaskSwitchContext
                0x800031a0       0x7c src/ASF/thirdparty/freertos/freertos-7.0.0/source/tasks.o
                0x800031a0                vTaskSwitchContext
 .text.vTaskSetTimeOutState
                0x8000321c       0x18 src/ASF/thirdparty/freertos/freertos-7.0.0/source/tasks.o
                0x8000321c                vTaskSetTimeOutState
 .text.vTaskMissedYield
                0x80003234        0xc src/ASF/thirdparty/freertos/freertos-7.0.0/source/tasks.o
                0x80003234                vTaskMissedYield
 .text.xTaskCheckForTimeOut
                0x80003240       0x70 src/ASF/thirdparty/freertos/freertos-7.0.0/source/tasks.o
                0x80003240                xTaskCheckForTimeOut
 .text.xTaskRemoveFromEventList
                0x800032b0       0x7c src/ASF/thirdparty/freertos/freertos-7.0.0/source/tasks.o
                0x800032b0                xTaskRemoveFromEventList
 .text.vTaskIncrementTick
                0x8000332c      0x114 src/ASF/thirdparty/freertos/freertos-7.0.0/source/tasks.o
                0x8000332c                vTaskIncrementTick
 .text.xTaskResumeAll
                0x80003440       0xe8 src/ASF/thirdparty/freertos/freertos-7.0.0/source/tasks.o
                0x80003440                xTaskResumeAll
 .text.prvAddCurrentTaskToDelayedList
                0x80003528       0x5c src/ASF/thirdparty/freertos/freertos-7.0.0/source/tasks.o
 .text.vTaskPlaceOnEventList
                0x80003584       0x58 src/ASF/thirdparty/freertos/freertos-7.0.0/source/tasks.o
                0x80003584                vTaskPlaceOnEventList
 .text.dip204_example_configure_joystick_IT
                0x800035dc       0x74 src/main.o
                0x800035dc                dip204_example_configure_joystick_IT
 .text.dip204_example_configure_push_buttons_IT
                0x80003650       0x50 src/main.o
                0x80003650                dip204_example_configure_push_buttons_IT
 .text.main     0x800036a0      0x144 src/main.o
                0x800036a0                main
 .text.dip204_example_Joy_int_handler
                0x800037e4       0xe4 src/main.o
 .text.dip204_example_PB_int_handler
                0x800038c8       0xb0 src/main.o
 .text.atexit   0x80003978       0x10 c:/program files (x86)/atmel/studio/7.0/toolchain/avr32/avr32-gnu-toolchain/bin/../lib/gcc/avr32/4.4.7/../../../../avr32/lib/ucr2\libc.a(lib_a-atexit.o)
                                 0x14 (size before relaxing)
                0x80003978                atexit
 .text.exit     0x80003988       0x20 c:/program files (x86)/atmel/studio/7.0/toolchain/avr32/avr32-gnu-toolchain/bin/../lib/gcc/avr32/4.4.7/../../../../avr32/lib/ucr2\libc.a(lib_a-exit.o)
                                 0x28 (size before relaxing)
                0x80003988                exit
 .text.free     0x800039a8       0x10 c:/program files (x86)/atmel/studio/7.0/toolchain/avr32/avr32-gnu-toolchain/bin/../lib/gcc/avr32/4.4.7/../../../../avr32/lib/ucr2\libc.a(lib_a-malloc.o)
                                 0x18 (size before relaxing)
                0x800039a8                free
 .text.malloc   0x800039b8       0x10 c:/program files (x86)/atmel/studio/7.0/toolchain/avr32/avr32-gnu-toolchain/bin/../lib/gcc/avr32/4.4.7/../../../../avr32/lib/ucr2\libc.a(lib_a-malloc.o)
                                 0x18 (size before relaxing)
                0x800039b8                malloc
 .text._malloc_r
                0x800039c8      0x434 c:/program files (x86)/atmel/studio/7.0/toolchain/avr32/avr32-gnu-toolchain/bin/../lib/gcc/avr32/4.4.7/../../../../avr32/lib/ucr2\libc.a(lib_a-mallocr.o)
                                0x450 (size before relaxing)
                0x800039c8                _malloc_r
 .text          0x80003dfc      0x148 c:/program files (x86)/atmel/studio/7.0/toolchain/avr32/avr32-gnu-toolchain/bin/../lib/gcc/avr32/4.4.7/../../../../avr32/lib/ucr2\libc.a(lib_a-memcpy.o)
                0x80003dfc                memcpy
 .text._sbrk_r  0x80003f44       0x20 c:/program files (x86)/atmel/studio/7.0/toolchain/avr32/avr32-gnu-toolchain/bin/../lib/gcc/avr32/4.4.7/../../../../avr32/lib/ucr2\libc.a(lib_a-sbrkr.o)
                                 0x28 (size before relaxing)
                0x80003f44                _sbrk_r
 .text._init_argv
                0x80003f64        0xa c:/program files (x86)/atmel/studio/7.0/toolchain/avr32/avr32-gnu-toolchain/bin/../lib/gcc/avr32/4.4.7/../../../../avr32/lib/ucr2\libc.a(lib_a-syscalls.o)
                0x80003f64                _init_argv
 .text._exit    0x80003f6e        0xa c:/program files (x86)/atmel/studio/7.0/toolchain/avr32/avr32-gnu-toolchain/bin/../lib/gcc/avr32/4.4.7/../../../../avr32/lib/ucr2\libc.a(lib_a-syscalls.o)
                0x80003f6e                _exit
 .text._sbrk    0x80003f78       0x38 c:/program files (x86)/atmel/studio/7.0/toolchain/avr32/avr32-gnu-toolchain/bin/../lib/gcc/avr32/4.4.7/../../../../avr32/lib/ucr2\libc.a(lib_a-syscalls.o)
                                 0x40 (size before relaxing)
                0x80003f78                _sbrk
 .text.__register_exitproc
                0x80003fb0       0xa4 c:/program files (x86)/atmel/studio/7.0/toolchain/avr32/avr32-gnu-toolchain/bin/../lib/gcc/avr32/4.4.7/../../../../avr32/lib/ucr2\libc.a(lib_a-__atexit.o)
                                 0xac (size before relaxing)
                0x80003fb0                __register_exitproc
 .text.__call_exitprocs
                0x80004054       0xcc c:/program files (x86)/atmel/studio/7.0/toolchain/avr32/avr32-gnu-toolchain/bin/../lib/gcc/avr32/4.4.7/../../../../avr32/lib/ucr2\libc.a(lib_a-__call_atexit.o)
                                 0xd4 (size before relaxing)
                0x80004054                __call_exitprocs
 .text.__errno  0x80004120        0xc c:/program files (x86)/atmel/studio/7.0/toolchain/avr32/avr32-gnu-toolchain/bin/../lib/gcc/avr32/4.4.7/../../../../avr32/lib/ucr2\libc.a(lib_a-errno.o)
                0x80004120                __errno
 .text._malloc_trim_r
                0x8000412c       0x90 c:/program files (x86)/atmel/studio/7.0/toolchain/avr32/avr32-gnu-toolchain/bin/../lib/gcc/avr32/4.4.7/../../../../avr32/lib/ucr2\libc.a(lib_a-freer.o)
                                 0xa8 (size before relaxing)
                0x8000412c                _malloc_trim_r
 .text._free_r  0x800041bc      0x18c c:/program files (x86)/atmel/studio/7.0/toolchain/avr32/avr32-gnu-toolchain/bin/../lib/gcc/avr32/4.4.7/../../../../avr32/lib/ucr2\libc.a(lib_a-freer.o)
                                0x1a0 (size before relaxing)
                0x800041bc                _free_r
 .text          0x80004348       0x14 c:/program files (x86)/atmel/studio/7.0/toolchain/avr32/avr32-gnu-toolchain/bin/../lib/gcc/avr32/4.4.7/ucr2/crtend.o
                                 0x18 (size before relaxing)
 *(.text.*personality*)
 *(.gnu.warning)

.exception      0x80004400      0x200
 .exception     0x80004400      0x200 src/ASF/thirdparty/freertos/freertos-7.0.0/source/portable/gcc/avr32_uc3/exception.o
                0x80004400                _evba
                0x80004504                _int0
                0x80004512                _int1
                0x80004520                _int2
                0x8000452e                _int3

.fini           0x80004600       0x18
 *(.fini)
 .fini          0x80004600       0x10 c:/program files (x86)/atmel/studio/7.0/toolchain/avr32/avr32-gnu-toolchain/bin/../lib/gcc/avr32/4.4.7/ucr2/crti.o
                0x80004600                _fini
 .fini          0x80004610        0x4 c:/program files (x86)/atmel/studio/7.0/toolchain/avr32/avr32-gnu-toolchain/bin/../lib/gcc/avr32/4.4.7/ucr2/crtbegin.o
 .fini          0x80004614        0x4 c:/program files (x86)/atmel/studio/7.0/toolchain/avr32/avr32-gnu-toolchain/bin/../lib/gcc/avr32/4.4.7/ucr2/crtn.o
                0x80004618                PROVIDE (__etext, .)
                0x80004618                PROVIDE (_etext, .)
                0x80004618                PROVIDE (etext, .)

.rodata         0x80004618      0x190
 *(.rodata .rodata.* .gnu.linkonce.r.*)
 .rodata._int_handler_table
                0x80004618       0xa0 src/ASF/avr32/drivers/intc/intc.o
 .rodata.DIP204_SPI_GPIO_MAP.15281
                0x800046b8       0x20 src/main.o
 .rodata.str1.4
                0x800046d8       0x55 src/main.o
                                 0x58 (size before relaxing)
 *fill*         0x8000472d        0x3 
 .rodata.C.72.15287
                0x80004730       0x10 src/main.o
 .rodata.str1.4
                0x80004740        0x4 c:/program files (x86)/atmel/studio/7.0/toolchain/avr32/avr32-gnu-toolchain/bin/../lib/gcc/avr32/4.4.7/../../../../avr32/lib/ucr2\libc.a(lib_a-impure.o)
 .rodata._global_impure_ptr
                0x80004744        0x4 c:/program files (x86)/atmel/studio/7.0/toolchain/avr32/avr32-gnu-toolchain/bin/../lib/gcc/avr32/4.4.7/../../../../avr32/lib/ucr2\libc.a(lib_a-impure.o)
                0x80004744                _global_impure_ptr
 .rodata.__sf_fake_stdin
                0x80004748       0x20 c:/program files (x86)/atmel/studio/7.0/toolchain/avr32/avr32-gnu-toolchain/bin/../lib/gcc/avr32/4.4.7/../../../../avr32/lib/ucr2\libc.a(lib_a-findfp.o)
                0x80004748                __sf_fake_stdin
 .rodata.__sf_fake_stdout
                0x80004768       0x20 c:/program files (x86)/atmel/studio/7.0/toolchain/avr32/avr32-gnu-toolchain/bin/../lib/gcc/avr32/4.4.7/../../../../avr32/lib/ucr2\libc.a(lib_a-findfp.o)
                0x80004768                __sf_fake_stdout
 .rodata.__sf_fake_stderr
                0x80004788       0x20 c:/program files (x86)/atmel/studio/7.0/toolchain/avr32/avr32-gnu-toolchain/bin/../lib/gcc/avr32/4.4.7/../../../../avr32/lib/ucr2\libc.a(lib_a-findfp.o)
                0x80004788                __sf_fake_stderr

.rodata1
 *(.rodata1)

.eh_frame_hdr
 *(.eh_frame_hdr)

.eh_frame
 *(.eh_frame)

.gcc_except_table
 *(.gcc_except_table)
 *(.gcc_except_table.*)

.lalign         0x800047a8        0x0
                0x800047a8                . = ALIGN (0x8)
                0x800047a8                PROVIDE (_data_lma, .)
                0x00000004                . = ORIGIN (INTRAM)

.dalign         0x00000004        0x4
                0x00000008                . = ALIGN (0x8)
 *fill*         0x00000004        0x4 
                0x00000008                PROVIDE (_data, .)

.eh_frame
 *(.eh_frame)

.gcc_except_table
 *(.gcc_except_table)
 *(.gcc_except_table.*)

.tdata
 *(.tdata .tdata.* .gnu.linkonce.td.*)

.tbss
 *(.tbss .tbss.* .gnu.linkonce.tb.*)
 *(.tcommon)
                0x00000008                PROVIDE (__preinit_array_start, ALIGN (0x4))

.preinit_array
 *(.preinit_array)
                0x00000008                PROVIDE (__preinit_array_end, .)
                0x00000008                PROVIDE (__init_array_start, .)

.init_array
 *(.init_array)
                0x00000008                PROVIDE (__init_array_end, .)
                0x00000008                PROVIDE (__fini_array_start, .)

.fini_array
 *(.fini_array)
                0x00000008                PROVIDE (__fini_array_end, .)

.ctors          0x00000008        0x8 load address 0x800047a8
 *crtbegin*.o(.ctors)
 .ctors         0x00000008        0x4 c:/program files (x86)/atmel/studio/7.0/toolchain/avr32/avr32-gnu-toolchain/bin/../lib/gcc/avr32/4.4.7/ucr2/crtbegin.o
 *(EXCLUDE_FILE(*crtend*.o) .ctors)
 *(SORT(.ctors.*))
 *(.ctors)
 .ctors         0x0000000c        0x4 c:/program files (x86)/atmel/studio/7.0/toolchain/avr32/avr32-gnu-toolchain/bin/../lib/gcc/avr32/4.4.7/ucr2/crtend.o

.dtors          0x00000010        0x8 load address 0x800047b0
 *crtbegin*.o(.dtors)
 .dtors         0x00000010        0x4 c:/program files (x86)/atmel/studio/7.0/toolchain/avr32/avr32-gnu-toolchain/bin/../lib/gcc/avr32/4.4.7/ucr2/crtbegin.o
 *(EXCLUDE_FILE(*crtend*.o) .dtors)
 *(SORT(.dtors.*))
 *(.dtors)
 .dtors         0x00000014        0x4 c:/program files (x86)/atmel/studio/7.0/toolchain/avr32/avr32-gnu-toolchain/bin/../lib/gcc/avr32/4.4.7/ucr2/crtend.o
                0x00000014                __DTOR_END__

.jcr            0x00000018        0x4 load address 0x800047b8
 *(.jcr)
 .jcr           0x00000018        0x0 c:/program files (x86)/atmel/studio/7.0/toolchain/avr32/avr32-gnu-toolchain/bin/../lib/gcc/avr32/4.4.7/ucr2/crtbegin.o
 .jcr           0x00000018        0x4 c:/program files (x86)/atmel/studio/7.0/toolchain/avr32/avr32-gnu-toolchain/bin/../lib/gcc/avr32/4.4.7/ucr2/crtend.o

.data.rel.ro
 *(.data.rel.ro.local)
 *(.data.rel.ro*)

.dynamic
 *(.dynamic)

.got            0x0000001c        0x0 load address 0x800047bc
 *(.got.plt)
 *(.got)
 .got           0x0000001c        0x0 c:/program files (x86)/atmel/studio/7.0/toolchain/avr32/avr32-gnu-toolchain/bin/../lib/gcc/avr32/4.4.7/../../../../avr32/lib/ucr2/crt0.o
                0x0000001c                _GLOBAL_OFFSET_TABLE_

.ramtext
 *(.ramtext .ramtext.*)

.ddalign        0x0000001c        0x0 load address 0x800047bc
                0x00000020                . = ALIGN (0x8)

.data           0x0000001c      0x510 load address 0x800047bc
 *(.data .data.* .gnu.linkonce.d.*)
 .data.channel_id
                0x0000001c        0x4 src/ASF/avr32/components/display/dip204/dip204.o
 .data.ulCriticalNesting
                0x00000020        0x4 src/ASF/thirdparty/freertos/freertos-7.0.0/source/portable/gcc/avr32_uc3/port.o
                0x00000020                ulCriticalNesting
 .data.xNextTaskUnblockTime
                0x00000024        0x4 src/ASF/thirdparty/freertos/freertos-7.0.0/source/tasks.o
 .data.impure_data
                0x00000028       0xf0 c:/program files (x86)/atmel/studio/7.0/toolchain/avr32/avr32-gnu-toolchain/bin/../lib/gcc/avr32/4.4.7/../../../../avr32/lib/ucr2\libc.a(lib_a-impure.o)
 .data._impure_ptr
                0x00000118        0x4 c:/program files (x86)/atmel/studio/7.0/toolchain/avr32/avr32-gnu-toolchain/bin/../lib/gcc/avr32/4.4.7/../../../../avr32/lib/ucr2\libc.a(lib_a-impure.o)
                0x00000118                _impure_ptr
 .data.__malloc_av_
                0x0000011c      0x408 c:/program files (x86)/atmel/studio/7.0/toolchain/avr32/avr32-gnu-toolchain/bin/../lib/gcc/avr32/4.4.7/../../../../avr32/lib/ucr2\libc.a(lib_a-mallocr.o)
                0x0000011c                __malloc_av_
 .data.__malloc_trim_threshold
                0x00000524        0x4 c:/program files (x86)/atmel/studio/7.0/toolchain/avr32/avr32-gnu-toolchain/bin/../lib/gcc/avr32/4.4.7/../../../../avr32/lib/ucr2\libc.a(lib_a-mallocr.o)
                0x00000524                __malloc_trim_threshold
 .data.__malloc_sbrk_base
                0x00000528        0x4 c:/program files (x86)/atmel/studio/7.0/toolchain/avr32/avr32-gnu-toolchain/bin/../lib/gcc/avr32/4.4.7/../../../../avr32/lib/ucr2\libc.a(lib_a-mallocr.o)
                0x00000528                __malloc_sbrk_base
 *(.gnu.linkonce.d.*personality*)

.data1
 *(.data1)

.balign         0x0000052c       0x18 load address 0x80004ccc
                0x00000530                . = ALIGN (0x8)
 *fill*         0x0000052c        0x4 
                0x00000530                PROVIDE (_edata, .)
                0x00000530                PROVIDE (edata, .)
                0x00000530                __bss_start = .

.bss            0x00000544      0x254
 *(.dynbss)
 *(.bss .bss.* .gnu.linkonce.b.*)
 .bss           0x00000544        0x8 c:/program files (x86)/atmel/studio/7.0/toolchain/avr32/avr32-gnu-toolchain/bin/../lib/gcc/avr32/4.4.7/ucr2/crtbegin.o
 .bss.pwm_channel
                0x0000054c       0x20 src/ASF/avr32/components/display/dip204/dip204.o
 .bss.pwm_duty  0x0000056c        0x2 src/ASF/avr32/components/display/dip204/dip204.o
 *fill*         0x0000056e        0x2 
 .bss._int_line_handler_table_6
                0x00000570        0x4 src/ASF/avr32/drivers/intc/intc.o
 .bss._int_line_handler_table_7
                0x00000574        0x4 src/ASF/avr32/drivers/intc/intc.o
 .bss._int_line_handler_table_8
                0x00000578        0x4 src/ASF/avr32/drivers/intc/intc.o
 .bss._int_line_handler_table_9
                0x0000057c        0x4 src/ASF/avr32/drivers/intc/intc.o
 .bss._int_line_handler_table_10
                0x00000580        0x4 src/ASF/avr32/drivers/intc/intc.o
 .bss._int_line_handler_table_11
                0x00000584        0x4 src/ASF/avr32/drivers/intc/intc.o
 .bss._int_line_handler_table_12
                0x00000588        0x4 src/ASF/avr32/drivers/intc/intc.o
 .bss._int_line_handler_table_13
                0x0000058c        0x4 src/ASF/avr32/drivers/intc/intc.o
 .bss._int_line_handler_table_14
                0x00000590        0xc src/ASF/avr32/drivers/intc/intc.o
 .bss._int_line_handler_table_15
                0x0000059c        0x4 src/ASF/avr32/drivers/intc/intc.o
 .bss._int_line_handler_table_16
                0x000005a0        0x4 src/ASF/avr32/drivers/intc/intc.o
 .bss._int_line_handler_table_17
                0x000005a4        0x4 src/ASF/avr32/drivers/intc/intc.o
 .bss._int_line_handler_table_18
                0x000005a8        0x4 src/ASF/avr32/drivers/intc/intc.o
 .bss._int_line_handler_table_19
                0x000005ac        0x4 src/ASF/avr32/drivers/intc/intc.o
 .bss._int_line_handler_table_0
                0x000005b0        0x4 src/ASF/avr32/drivers/intc/intc.o
 .bss._int_line_handler_table_1
                0x000005b4       0x2c src/ASF/avr32/drivers/intc/intc.o
 .bss._int_line_handler_table_2
                0x000005e0       0x38 src/ASF/avr32/drivers/intc/intc.o
 .bss._int_line_handler_table_3
                0x00000618       0x3c src/ASF/avr32/drivers/intc/intc.o
 .bss._int_line_handler_table_4
                0x00000654        0x4 src/ASF/avr32/drivers/intc/intc.o
 .bss._int_line_handler_table_5
                0x00000658        0x4 src/ASF/avr32/drivers/intc/intc.o
 .bss.uxMissedTicks
                0x0000065c        0x4 src/ASF/thirdparty/freertos/freertos-7.0.0/source/tasks.o
 .bss.pxDelayedTaskList
                0x00000660        0x4 src/ASF/thirdparty/freertos/freertos-7.0.0/source/tasks.o
 .bss.xNumOfOverflows
                0x00000664        0x4 src/ASF/thirdparty/freertos/freertos-7.0.0/source/tasks.o
 .bss.pxOverflowDelayedTaskList
                0x00000668        0x4 src/ASF/thirdparty/freertos/freertos-7.0.0/source/tasks.o
 .bss.pxReadyTasksLists
                0x0000066c       0xa0 src/ASF/thirdparty/freertos/freertos-7.0.0/source/tasks.o
 .bss.pxCurrentTCB
                0x0000070c        0x4 src/ASF/thirdparty/freertos/freertos-7.0.0/source/tasks.o
                0x0000070c                pxCurrentTCB
 .bss.xPendingReadyList
                0x00000710       0x14 src/ASF/thirdparty/freertos/freertos-7.0.0/source/tasks.o
 .bss.xTickCount
                0x00000724        0x4 src/ASF/thirdparty/freertos/freertos-7.0.0/source/tasks.o
 .bss.uxSchedulerSuspended
                0x00000728        0x4 src/ASF/thirdparty/freertos/freertos-7.0.0/source/tasks.o
 .bss.uxCurrentNumberOfTasks
                0x0000072c        0x4 src/ASF/thirdparty/freertos/freertos-7.0.0/source/tasks.o
 .bss.xMissedYield
                0x00000730        0x4 src/ASF/thirdparty/freertos/freertos-7.0.0/source/tasks.o
 .bss.xSuspendedTaskList
                0x00000734       0x14 src/ASF/thirdparty/freertos/freertos-7.0.0/source/tasks.o
 .bss.uxTopReadyPriority
                0x00000748        0x4 src/ASF/thirdparty/freertos/freertos-7.0.0/source/tasks.o
 .bss.current_char
                0x0000074c        0x2 src/main.o
                0x0000074c                current_char
 *fill*         0x0000074e        0x2 
 .bss.port_val.15279
                0x00000750        0x4 src/main.o
 .bss.__malloc_max_total_mem
                0x00000754        0x4 c:/program files (x86)/atmel/studio/7.0/toolchain/avr32/avr32-gnu-toolchain/bin/../lib/gcc/avr32/4.4.7/../../../../avr32/lib/ucr2\libc.a(lib_a-mallocr.o)
                0x00000754                __malloc_max_total_mem
 .bss.__malloc_max_sbrked_mem
                0x00000758        0x4 c:/program files (x86)/atmel/studio/7.0/toolchain/avr32/avr32-gnu-toolchain/bin/../lib/gcc/avr32/4.4.7/../../../../avr32/lib/ucr2\libc.a(lib_a-mallocr.o)
                0x00000758                __malloc_max_sbrked_mem
 .bss.__malloc_top_pad
                0x0000075c        0x4 c:/program files (x86)/atmel/studio/7.0/toolchain/avr32/avr32-gnu-toolchain/bin/../lib/gcc/avr32/4.4.7/../../../../avr32/lib/ucr2\libc.a(lib_a-mallocr.o)
                0x0000075c                __malloc_top_pad
 .bss.__malloc_current_mallinfo
                0x00000760       0x28 c:/program files (x86)/atmel/studio/7.0/toolchain/avr32/avr32-gnu-toolchain/bin/../lib/gcc/avr32/4.4.7/../../../../avr32/lib/ucr2\libc.a(lib_a-mallocr.o)
                0x00000760                __malloc_current_mallinfo
 .bss.cur_heap_pos.1869
                0x00000788        0x4 c:/program files (x86)/atmel/studio/7.0/toolchain/avr32/avr32-gnu-toolchain/bin/../lib/gcc/avr32/4.4.7/../../../../avr32/lib/ucr2\libc.a(lib_a-syscalls.o)
 *(COMMON)
 COMMON         0x0000078c        0x4 src/ASF/avr32/drivers/spi/spi.o
                0x0000078c                xSPIMutex
 COMMON         0x00000790        0x2 src/main.o
                0x00000790                display
 *fill*         0x00000792        0x2 
 COMMON         0x00000794        0x4 c:/program files (x86)/atmel/studio/7.0/toolchain/avr32/avr32-gnu-toolchain/bin/../lib/gcc/avr32/4.4.7/../../../../avr32/lib/ucr2\libc.a(lib_a-reent.o)
                0x00000794                errno
                0x00000798                . = ALIGN (0x8)
 *fill*         0x00000798        0x0 
                0x00000798                . = ALIGN (0x8)
                0x00000798                _end = .
                0x00000798                PROVIDE (end, .)
                0x00000798                __heap_start__ = ALIGN (0x8)

.heap           0x00000798     0xe868
 *(.heap)
                0x0000e868                . = (__heap_size__ == __max_heap_size__)?(((ORIGIN (INTRAM) + 0xfffc) - __stack_size__) - ABSOLUTE (.)):__heap_size__
 *fill*         0x00000798     0xe868 
                0x0000f000                __heap_end__ = .

.stab
 *(.stab)

.stabstr
 *(.stabstr)

.stab.excl
 *(.stab.excl)

.stab.exclstr
 *(.stab.exclstr)

.stab.index
 *(.stab.index)

.stab.indexstr
 *(.stab.indexstr)

.comment        0x00000000       0x30
 *(.comment)
 .comment       0x00000000       0x30 c:/program files (x86)/atmel/studio/7.0/toolchain/avr32/avr32-gnu-toolchain/bin/../lib/gcc/avr32/4.4.7/ucr2/crtbegin.o
                                 0x31 (size before relaxing)
 .comment       0x00000000       0x31 src/ASF/avr32/components/display/dip204/dip204.o
 .comment       0x00000000       0x31 src/ASF/avr32/drivers/gpio/gpio.o
 .comment       0x00000000       0x31 src/ASF/avr32/drivers/intc/intc.o
 .comment       0x00000000       0x31 src/ASF/avr32/drivers/pm/pm.o
 .comment       0x00000000       0x31 src/ASF/avr32/drivers/pwm/pwm.o
 .comment       0x00000000       0x31 src/ASF/avr32/drivers/spi/spi.o
 .comment       0x00000000       0x31 src/ASF/thirdparty/freertos/freertos-7.0.0/source/list.o
 .comment       0x00000000       0x31 src/ASF/thirdparty/freertos/freertos-7.0.0/source/portable/gcc/avr32_uc3/port.o
 .comment       0x00000000       0x31 src/ASF/thirdparty/freertos/freertos-7.0.0/source/portable/memmang/heap_3.o
 .comment       0x00000000       0x31 src/ASF/thirdparty/freertos/freertos-7.0.0/source/queue.o
 .comment       0x00000000       0x31 src/ASF/thirdparty/freertos/freertos-7.0.0/source/tasks.o
 .comment       0x00000000       0x31 src/main.o
 .comment       0x00000000       0x31 c:/program files (x86)/atmel/studio/7.0/toolchain/avr32/avr32-gnu-toolchain/bin/../lib/gcc/avr32/4.4.7/../../../../avr32/lib/ucr2\libc.a(lib_a-atexit.o)
 .comment       0x00000000       0x31 c:/program files (x86)/atmel/studio/7.0/toolchain/avr32/avr32-gnu-toolchain/bin/../lib/gcc/avr32/4.4.7/../../../../avr32/lib/ucr2\libc.a(lib_a-exit.o)
 .comment       0x00000000       0x31 c:/program files (x86)/atmel/studio/7.0/toolchain/avr32/avr32-gnu-toolchain/bin/../lib/gcc/avr32/4.4.7/../../../../avr32/lib/ucr2\libc.a(lib_a-impure.o)
 .comment       0x00000000       0x31 c:/program files (x86)/atmel/studio/7.0/toolchain/avr32/avr32-gnu-toolchain/bin/../lib/gcc/avr32/4.4.7/../../../../avr32/lib/ucr2\libc.a(lib_a-malloc.o)
 .comment       0x00000000       0x31 c:/program files (x86)/atmel/studio/7.0/toolchain/avr32/avr32-gnu-toolchain/bin/../lib/gcc/avr32/4.4.7/../../../../avr32/lib/ucr2\libc.a(lib_a-mallocr.o)
 .comment       0x00000000       0x31 c:/program files (x86)/atmel/studio/7.0/toolchain/avr32/avr32-gnu-toolchain/bin/../lib/gcc/avr32/4.4.7/../../../../avr32/lib/ucr2\libc.a(lib_a-sbrkr.o)
 .comment       0x00000000       0x31 c:/program files (x86)/atmel/studio/7.0/toolchain/avr32/avr32-gnu-toolchain/bin/../lib/gcc/avr32/4.4.7/../../../../avr32/lib/ucr2\libc.a(lib_a-syscalls.o)
 .comment       0x00000000       0x31 c:/program files (x86)/atmel/studio/7.0/toolchain/avr32/avr32-gnu-toolchain/bin/../lib/gcc/avr32/4.4.7/../../../../avr32/lib/ucr2\libc.a(lib_a-__atexit.o)
 .comment       0x00000000       0x31 c:/program files (x86)/atmel/studio/7.0/toolchain/avr32/avr32-gnu-toolchain/bin/../lib/gcc/avr32/4.4.7/../../../../avr32/lib/ucr2\libc.a(lib_a-__call_atexit.o)
 .comment       0x00000000       0x31 c:/program files (x86)/atmel/studio/7.0/toolchain/avr32/avr32-gnu-toolchain/bin/../lib/gcc/avr32/4.4.7/../../../../avr32/lib/ucr2\libc.a(lib_a-errno.o)
 .comment       0x00000000       0x31 c:/program files (x86)/atmel/studio/7.0/toolchain/avr32/avr32-gnu-toolchain/bin/../lib/gcc/avr32/4.4.7/../../../../avr32/lib/ucr2\libc.a(lib_a-findfp.o)
 .comment       0x00000000       0x31 c:/program files (x86)/atmel/studio/7.0/toolchain/avr32/avr32-gnu-toolchain/bin/../lib/gcc/avr32/4.4.7/../../../../avr32/lib/ucr2\libc.a(lib_a-freer.o)
 .comment       0x00000000       0x31 c:/program files (x86)/atmel/studio/7.0/toolchain/avr32/avr32-gnu-toolchain/bin/../lib/gcc/avr32/4.4.7/../../../../avr32/lib/ucr2\libc.a(lib_a-reent.o)
 .comment       0x00000000       0x31 c:/program files (x86)/atmel/studio/7.0/toolchain/avr32/avr32-gnu-toolchain/bin/../lib/gcc/avr32/4.4.7/ucr2/crtend.o

.debug
 *(.debug)

.line
 *(.line)

.debug_srcinfo
 *(.debug_srcinfo)

.debug_sfnames
 *(.debug_sfnames)

.debug_aranges  0x00000000      0x9f8
 *(.debug_aranges)
 .debug_aranges
                0x00000000       0x98 src/ASF/avr32/components/display/dip204/dip204.o
 .debug_aranges
                0x00000098      0x100 src/ASF/avr32/drivers/gpio/gpio.o
 .debug_aranges
                0x00000198       0x38 src/ASF/avr32/drivers/intc/intc.o
 .debug_aranges
                0x000001d0      0x190 src/ASF/avr32/drivers/pm/pm.o
 .debug_aranges
                0x00000360       0x48 src/ASF/avr32/drivers/pwm/pwm.o
 .debug_aranges
                0x000003a8       0xa8 src/ASF/avr32/drivers/spi/spi.o
 .debug_aranges
                0x00000450       0x20 src/ASF/avr32/utils/startup/trampoline_uc3.o
 .debug_aranges
                0x00000470       0x40 src/ASF/thirdparty/freertos/freertos-7.0.0/source/list.o
 .debug_aranges
                0x000004b0       0x20 src/ASF/thirdparty/freertos/freertos-7.0.0/source/portable/gcc/avr32_uc3/exception.o
 .debug_aranges
                0x000004d0       0x78 src/ASF/thirdparty/freertos/freertos-7.0.0/source/portable/gcc/avr32_uc3/port.o
 .debug_aranges
                0x00000548       0x28 src/ASF/thirdparty/freertos/freertos-7.0.0/source/portable/memmang/heap_3.o
 .debug_aranges
                0x00000570       0x80 src/ASF/thirdparty/freertos/freertos-7.0.0/source/queue.o
 .debug_aranges
                0x000005f0       0xf0 src/ASF/thirdparty/freertos/freertos-7.0.0/source/tasks.o
 .debug_aranges
                0x000006e0       0x40 src/main.o
 .debug_aranges
                0x00000720       0x20 c:/program files (x86)/atmel/studio/7.0/toolchain/avr32/avr32-gnu-toolchain/bin/../lib/gcc/avr32/4.4.7/../../../../avr32/lib/ucr2\libc.a(lib_a-atexit.o)
 .debug_aranges
                0x00000740       0x20 c:/program files (x86)/atmel/studio/7.0/toolchain/avr32/avr32-gnu-toolchain/bin/../lib/gcc/avr32/4.4.7/../../../../avr32/lib/ucr2\libc.a(lib_a-exit.o)
 .debug_aranges
                0x00000760       0x28 c:/program files (x86)/atmel/studio/7.0/toolchain/avr32/avr32-gnu-toolchain/bin/../lib/gcc/avr32/4.4.7/../../../../avr32/lib/ucr2\libc.a(lib_a-malloc.o)
 .debug_aranges
                0x00000788       0x20 c:/program files (x86)/atmel/studio/7.0/toolchain/avr32/avr32-gnu-toolchain/bin/../lib/gcc/avr32/4.4.7/../../../../avr32/lib/ucr2\libc.a(lib_a-mallocr.o)
 .debug_aranges
                0x000007a8       0x20 c:/program files (x86)/atmel/studio/7.0/toolchain/avr32/avr32-gnu-toolchain/bin/../lib/gcc/avr32/4.4.7/../../../../avr32/lib/ucr2\libc.a(lib_a-sbrkr.o)
 .debug_aranges
                0x000007c8       0xf8 c:/program files (x86)/atmel/studio/7.0/toolchain/avr32/avr32-gnu-toolchain/bin/../lib/gcc/avr32/4.4.7/../../../../avr32/lib/ucr2\libc.a(lib_a-syscalls.o)
 .debug_aranges
                0x000008c0       0x20 c:/program files (x86)/atmel/studio/7.0/toolchain/avr32/avr32-gnu-toolchain/bin/../lib/gcc/avr32/4.4.7/../../../../avr32/lib/ucr2\libc.a(lib_a-__atexit.o)
 .debug_aranges
                0x000008e0       0x20 c:/program files (x86)/atmel/studio/7.0/toolchain/avr32/avr32-gnu-toolchain/bin/../lib/gcc/avr32/4.4.7/../../../../avr32/lib/ucr2\libc.a(lib_a-__call_atexit.o)
 .debug_aranges
                0x00000900       0x20 c:/program files (x86)/atmel/studio/7.0/toolchain/avr32/avr32-gnu-toolchain/bin/../lib/gcc/avr32/4.4.7/../../../../avr32/lib/ucr2\libc.a(lib_a-errno.o)
 .debug_aranges
                0x00000920       0x80 c:/program files (x86)/atmel/studio/7.0/toolchain/avr32/avr32-gnu-toolchain/bin/../lib/gcc/avr32/4.4.7/../../../../avr32/lib/ucr2\libc.a(lib_a-findfp.o)
 .debug_aranges
                0x000009a0       0x28 c:/program files (x86)/atmel/studio/7.0/toolchain/avr32/avr32-gnu-toolchain/bin/../lib/gcc/avr32/4.4.7/../../../../avr32/lib/ucr2\libc.a(lib_a-freer.o)
 .debug_aranges
                0x000009c8       0x30 c:/program files (x86)/atmel/studio/7.0/toolchain/avr32/avr32-gnu-toolchain/bin/../lib/gcc/avr32/4.4.7/../../../../avr32/lib/ucr2\libc.a(lib_a-reent.o)

.debug_pubnames
                0x00000000     0x1540
 *(.debug_pubnames)
 .debug_pubnames
                0x00000000      0x114 src/ASF/avr32/components/display/dip204/dip204.o
 .debug_pubnames
                0x00000114      0x330 src/ASF/avr32/drivers/gpio/gpio.o
 .debug_pubnames
                0x00000444       0x62 src/ASF/avr32/drivers/intc/intc.o
 .debug_pubnames
                0x000004a6      0x3ee src/ASF/avr32/drivers/pm/pm.o
 .debug_pubnames
                0x00000894       0x9a src/ASF/avr32/drivers/pwm/pwm.o
 .debug_pubnames
                0x0000092e      0x186 src/ASF/avr32/drivers/spi/spi.o
 .debug_pubnames
                0x00000ab4       0x71 src/ASF/thirdparty/freertos/freertos-7.0.0/source/list.o
 .debug_pubnames
                0x00000b25       0xf6 src/ASF/thirdparty/freertos/freertos-7.0.0/source/portable/gcc/avr32_uc3/port.o
 .debug_pubnames
                0x00000c1b       0x31 src/ASF/thirdparty/freertos/freertos-7.0.0/source/portable/memmang/heap_3.o
 .debug_pubnames
                0x00000c4c      0x111 src/ASF/thirdparty/freertos/freertos-7.0.0/source/queue.o
 .debug_pubnames
                0x00000d5d      0x256 src/ASF/thirdparty/freertos/freertos-7.0.0/source/tasks.o
 .debug_pubnames
                0x00000fb3       0x8e src/main.o
 .debug_pubnames
                0x00001041       0x1d c:/program files (x86)/atmel/studio/7.0/toolchain/avr32/avr32-gnu-toolchain/bin/../lib/gcc/avr32/4.4.7/../../../../avr32/lib/ucr2\libc.a(lib_a-atexit.o)
 .debug_pubnames
                0x0000105e       0x1b c:/program files (x86)/atmel/studio/7.0/toolchain/avr32/avr32-gnu-toolchain/bin/../lib/gcc/avr32/4.4.7/../../../../avr32/lib/ucr2\libc.a(lib_a-exit.o)
 .debug_pubnames
                0x00001079       0x39 c:/program files (x86)/atmel/studio/7.0/toolchain/avr32/avr32-gnu-toolchain/bin/../lib/gcc/avr32/4.4.7/../../../../avr32/lib/ucr2\libc.a(lib_a-impure.o)
 .debug_pubnames
                0x000010b2       0x26 c:/program files (x86)/atmel/studio/7.0/toolchain/avr32/avr32-gnu-toolchain/bin/../lib/gcc/avr32/4.4.7/../../../../avr32/lib/ucr2\libc.a(lib_a-malloc.o)
 .debug_pubnames
                0x000010d8       0xce c:/program files (x86)/atmel/studio/7.0/toolchain/avr32/avr32-gnu-toolchain/bin/../lib/gcc/avr32/4.4.7/../../../../avr32/lib/ucr2\libc.a(lib_a-mallocr.o)
 .debug_pubnames
                0x000011a6       0x1e c:/program files (x86)/atmel/studio/7.0/toolchain/avr32/avr32-gnu-toolchain/bin/../lib/gcc/avr32/4.4.7/../../../../avr32/lib/ucr2\libc.a(lib_a-sbrkr.o)
 .debug_pubnames
                0x000011c4      0x171 c:/program files (x86)/atmel/studio/7.0/toolchain/avr32/avr32-gnu-toolchain/bin/../lib/gcc/avr32/4.4.7/../../../../avr32/lib/ucr2\libc.a(lib_a-syscalls.o)
 .debug_pubnames
                0x00001335       0x2a c:/program files (x86)/atmel/studio/7.0/toolchain/avr32/avr32-gnu-toolchain/bin/../lib/gcc/avr32/4.4.7/../../../../avr32/lib/ucr2\libc.a(lib_a-__atexit.o)
 .debug_pubnames
                0x0000135f       0x27 c:/program files (x86)/atmel/studio/7.0/toolchain/avr32/avr32-gnu-toolchain/bin/../lib/gcc/avr32/4.4.7/../../../../avr32/lib/ucr2\libc.a(lib_a-__call_atexit.o)
 .debug_pubnames
                0x00001386       0x1e c:/program files (x86)/atmel/studio/7.0/toolchain/avr32/avr32-gnu-toolchain/bin/../lib/gcc/avr32/4.4.7/../../../../avr32/lib/ucr2\libc.a(lib_a-errno.o)
 .debug_pubnames
                0x000013a4      0x119 c:/program files (x86)/atmel/studio/7.0/toolchain/avr32/avr32-gnu-toolchain/bin/../lib/gcc/avr32/4.4.7/../../../../avr32/lib/ucr2\libc.a(lib_a-findfp.o)
 .debug_pubnames
                0x000014bd       0x31 c:/program files (x86)/atmel/studio/7.0/toolchain/avr32/avr32-gnu-toolchain/bin/../lib/gcc/avr32/4.4.7/../../../../avr32/lib/ucr2\libc.a(lib_a-freer.o)
 .debug_pubnames
                0x000014ee       0x52 c:/program files (x86)/atmel/studio/7.0/toolchain/avr32/avr32-gnu-toolchain/bin/../lib/gcc/avr32/4.4.7/../../../../avr32/lib/ucr2\libc.a(lib_a-reent.o)

.debug_info     0x00000000    0x112d0
 *(.debug_info .gnu.linkonce.wi.*)
 .debug_info    0x00000000     0x1417 src/ASF/avr32/components/display/dip204/dip204.o
 .debug_info    0x00001417      0xb1b src/ASF/avr32/drivers/gpio/gpio.o
 .debug_info    0x00001f32      0x5ae src/ASF/avr32/drivers/intc/intc.o
 .debug_info    0x000024e0     0x1a57 src/ASF/avr32/drivers/pm/pm.o
 .debug_info    0x00003f37      0xa08 src/ASF/avr32/drivers/pwm/pwm.o
 .debug_info    0x0000493f     0x10c6 src/ASF/avr32/drivers/spi/spi.o
 .debug_info    0x00005a05       0xcd src/ASF/avr32/utils/startup/trampoline_uc3.o
 .debug_info    0x00005ad2      0x2b9 src/ASF/thirdparty/freertos/freertos-7.0.0/source/list.o
 .debug_info    0x00005d8b       0xf5 src/ASF/thirdparty/freertos/freertos-7.0.0/source/portable/gcc/avr32_uc3/exception.o
 .debug_info    0x00005e80      0xaee src/ASF/thirdparty/freertos/freertos-7.0.0/source/portable/gcc/avr32_uc3/port.o
 .debug_info    0x0000696e       0xfc src/ASF/thirdparty/freertos/freertos-7.0.0/source/portable/memmang/heap_3.o
 .debug_info    0x00006a6a      0x786 src/ASF/thirdparty/freertos/freertos-7.0.0/source/queue.o
 .debug_info    0x000071f0      0xd44 src/ASF/thirdparty/freertos/freertos-7.0.0/source/tasks.o
 .debug_info    0x00007f34     0x1d93 src/main.o
 .debug_info    0x00009cc7       0xc5 c:/program files (x86)/atmel/studio/7.0/toolchain/avr32/avr32-gnu-toolchain/bin/../lib/gcc/avr32/4.4.7/../../../../avr32/lib/ucr2\libc.a(lib_a-atexit.o)
 .debug_info    0x00009d8c      0x8b7 c:/program files (x86)/atmel/studio/7.0/toolchain/avr32/avr32-gnu-toolchain/bin/../lib/gcc/avr32/4.4.7/../../../../avr32/lib/ucr2\libc.a(lib_a-exit.o)
 .debug_info    0x0000a643      0x960 c:/program files (x86)/atmel/studio/7.0/toolchain/avr32/avr32-gnu-toolchain/bin/../lib/gcc/avr32/4.4.7/../../../../avr32/lib/ucr2\libc.a(lib_a-impure.o)
 .debug_info    0x0000afa3      0x8ea c:/program files (x86)/atmel/studio/7.0/toolchain/avr32/avr32-gnu-toolchain/bin/../lib/gcc/avr32/4.4.7/../../../../avr32/lib/ucr2\libc.a(lib_a-malloc.o)
 .debug_info    0x0000b88d      0xc4e c:/program files (x86)/atmel/studio/7.0/toolchain/avr32/avr32-gnu-toolchain/bin/../lib/gcc/avr32/4.4.7/../../../../avr32/lib/ucr2\libc.a(lib_a-mallocr.o)
 .debug_info    0x0000c4db      0x8de c:/program files (x86)/atmel/studio/7.0/toolchain/avr32/avr32-gnu-toolchain/bin/../lib/gcc/avr32/4.4.7/../../../../avr32/lib/ucr2\libc.a(lib_a-sbrkr.o)
 .debug_info    0x0000cdb9      0x93a c:/program files (x86)/atmel/studio/7.0/toolchain/avr32/avr32-gnu-toolchain/bin/../lib/gcc/avr32/4.4.7/../../../../avr32/lib/ucr2\libc.a(lib_a-syscalls.o)
 .debug_info    0x0000d6f3      0x92c c:/program files (x86)/atmel/studio/7.0/toolchain/avr32/avr32-gnu-toolchain/bin/../lib/gcc/avr32/4.4.7/../../../../avr32/lib/ucr2\libc.a(lib_a-__atexit.o)
 .debug_info    0x0000e01f      0x931 c:/program files (x86)/atmel/studio/7.0/toolchain/avr32/avr32-gnu-toolchain/bin/../lib/gcc/avr32/4.4.7/../../../../avr32/lib/ucr2\libc.a(lib_a-__call_atexit.o)
 .debug_info    0x0000e950      0x8a6 c:/program files (x86)/atmel/studio/7.0/toolchain/avr32/avr32-gnu-toolchain/bin/../lib/gcc/avr32/4.4.7/../../../../avr32/lib/ucr2\libc.a(lib_a-errno.o)
 .debug_info    0x0000f1f6      0xc2a c:/program files (x86)/atmel/studio/7.0/toolchain/avr32/avr32-gnu-toolchain/bin/../lib/gcc/avr32/4.4.7/../../../../avr32/lib/ucr2\libc.a(lib_a-findfp.o)
 .debug_info    0x0000fe20      0xb3d c:/program files (x86)/atmel/studio/7.0/toolchain/avr32/avr32-gnu-toolchain/bin/../lib/gcc/avr32/4.4.7/../../../../avr32/lib/ucr2\libc.a(lib_a-freer.o)
 .debug_info    0x0001095d      0x973 c:/program files (x86)/atmel/studio/7.0/toolchain/avr32/avr32-gnu-toolchain/bin/../lib/gcc/avr32/4.4.7/../../../../avr32/lib/ucr2\libc.a(lib_a-reent.o)

.debug_abbrev   0x00000000     0x2dba
 *(.debug_abbrev)
 .debug_abbrev  0x00000000      0x2da src/ASF/avr32/components/display/dip204/dip204.o
 .debug_abbrev  0x000002da      0x28b src/ASF/avr32/drivers/gpio/gpio.o
 .debug_abbrev  0x00000565      0x1d4 src/ASF/avr32/drivers/intc/intc.o
 .debug_abbrev  0x00000739      0x2d1 src/ASF/avr32/drivers/pm/pm.o
 .debug_abbrev  0x00000a0a      0x19d src/ASF/avr32/drivers/pwm/pwm.o
 .debug_abbrev  0x00000ba7      0x282 src/ASF/avr32/drivers/spi/spi.o
 .debug_abbrev  0x00000e29       0x14 src/ASF/avr32/utils/startup/trampoline_uc3.o
 .debug_abbrev  0x00000e3d       0xdb src/ASF/thirdparty/freertos/freertos-7.0.0/source/list.o
 .debug_abbrev  0x00000f18       0x14 src/ASF/thirdparty/freertos/freertos-7.0.0/source/portable/gcc/avr32_uc3/exception.o
 .debug_abbrev  0x00000f2c      0x293 src/ASF/thirdparty/freertos/freertos-7.0.0/source/portable/gcc/avr32_uc3/port.o
 .debug_abbrev  0x000011bf       0xa4 src/ASF/thirdparty/freertos/freertos-7.0.0/source/portable/memmang/heap_3.o
 .debug_abbrev  0x00001263      0x1ae src/ASF/thirdparty/freertos/freertos-7.0.0/source/queue.o
 .debug_abbrev  0x00001411      0x269 src/ASF/thirdparty/freertos/freertos-7.0.0/source/tasks.o
 .debug_abbrev  0x0000167a      0x25e src/main.o
 .debug_abbrev  0x000018d8       0x81 c:/program files (x86)/atmel/studio/7.0/toolchain/avr32/avr32-gnu-toolchain/bin/../lib/gcc/avr32/4.4.7/../../../../avr32/lib/ucr2\libc.a(lib_a-atexit.o)
 .debug_abbrev  0x00001959      0x15f c:/program files (x86)/atmel/studio/7.0/toolchain/avr32/avr32-gnu-toolchain/bin/../lib/gcc/avr32/4.4.7/../../../../avr32/lib/ucr2\libc.a(lib_a-exit.o)
 .debug_abbrev  0x00001ab8      0x160 c:/program files (x86)/atmel/studio/7.0/toolchain/avr32/avr32-gnu-toolchain/bin/../lib/gcc/avr32/4.4.7/../../../../avr32/lib/ucr2\libc.a(lib_a-impure.o)
 .debug_abbrev  0x00001c18      0x178 c:/program files (x86)/atmel/studio/7.0/toolchain/avr32/avr32-gnu-toolchain/bin/../lib/gcc/avr32/4.4.7/../../../../avr32/lib/ucr2\libc.a(lib_a-malloc.o)
 .debug_abbrev  0x00001d90      0x205 c:/program files (x86)/atmel/studio/7.0/toolchain/avr32/avr32-gnu-toolchain/bin/../lib/gcc/avr32/4.4.7/../../../../avr32/lib/ucr2\libc.a(lib_a-mallocr.o)
 .debug_abbrev  0x00001f95      0x17f c:/program files (x86)/atmel/studio/7.0/toolchain/avr32/avr32-gnu-toolchain/bin/../lib/gcc/avr32/4.4.7/../../../../avr32/lib/ucr2\libc.a(lib_a-sbrkr.o)
 .debug_abbrev  0x00002114      0x19a c:/program files (x86)/atmel/studio/7.0/toolchain/avr32/avr32-gnu-toolchain/bin/../lib/gcc/avr32/4.4.7/../../../../avr32/lib/ucr2\libc.a(lib_a-syscalls.o)
 .debug_abbrev  0x000022ae      0x1b5 c:/program files (x86)/atmel/studio/7.0/toolchain/avr32/avr32-gnu-toolchain/bin/../lib/gcc/avr32/4.4.7/../../../../avr32/lib/ucr2\libc.a(lib_a-__atexit.o)
 .debug_abbrev  0x00002463      0x1bc c:/program files (x86)/atmel/studio/7.0/toolchain/avr32/avr32-gnu-toolchain/bin/../lib/gcc/avr32/4.4.7/../../../../avr32/lib/ucr2\libc.a(lib_a-__call_atexit.o)
 .debug_abbrev  0x0000261f      0x150 c:/program files (x86)/atmel/studio/7.0/toolchain/avr32/avr32-gnu-toolchain/bin/../lib/gcc/avr32/4.4.7/../../../../avr32/lib/ucr2\libc.a(lib_a-errno.o)
 .debug_abbrev  0x0000276f      0x28c c:/program files (x86)/atmel/studio/7.0/toolchain/avr32/avr32-gnu-toolchain/bin/../lib/gcc/avr32/4.4.7/../../../../avr32/lib/ucr2\libc.a(lib_a-findfp.o)
 .debug_abbrev  0x000029fb      0x1d9 c:/program files (x86)/atmel/studio/7.0/toolchain/avr32/avr32-gnu-toolchain/bin/../lib/gcc/avr32/4.4.7/../../../../avr32/lib/ucr2\libc.a(lib_a-freer.o)
 .debug_abbrev  0x00002bd4      0x1e6 c:/program files (x86)/atmel/studio/7.0/toolchain/avr32/avr32-gnu-toolchain/bin/../lib/gcc/avr32/4.4.7/../../../../avr32/lib/ucr2\libc.a(lib_a-reent.o)

.debug_line     0x00000000     0xa01a
 *(.debug_line)
 .debug_line    0x00000000      0xc03 src/ASF/avr32/components/display/dip204/dip204.o
 .debug_line    0x00000c03      0x8c7 src/ASF/avr32/drivers/gpio/gpio.o
 .debug_line    0x000014ca      0x695 src/ASF/avr32/drivers/intc/intc.o
 .debug_line    0x00001b5f      0x9ca src/ASF/avr32/drivers/pm/pm.o
 .debug_line    0x00002529      0x6c6 src/ASF/avr32/drivers/pwm/pwm.o
 .debug_line    0x00002bef      0x969 src/ASF/avr32/drivers/spi/spi.o
 .debug_line    0x00003558       0x66 src/ASF/avr32/utils/startup/trampoline_uc3.o
 .debug_line    0x000035be      0x855 src/ASF/thirdparty/freertos/freertos-7.0.0/source/list.o
 .debug_line    0x00003e13      0x10d src/ASF/thirdparty/freertos/freertos-7.0.0/source/portable/gcc/avr32_uc3/exception.o
 .debug_line    0x00003f20      0x926 src/ASF/thirdparty/freertos/freertos-7.0.0/source/portable/gcc/avr32_uc3/port.o
 .debug_line    0x00004846      0x83a src/ASF/thirdparty/freertos/freertos-7.0.0/source/portable/memmang/heap_3.o
 .debug_line    0x00005080      0x9b3 src/ASF/thirdparty/freertos/freertos-7.0.0/source/queue.o
 .debug_line    0x00005a33      0xb85 src/ASF/thirdparty/freertos/freertos-7.0.0/source/tasks.o
 .debug_line    0x000065b8     0x12dd src/main.o
 .debug_line    0x00007895      0x128 c:/program files (x86)/atmel/studio/7.0/toolchain/avr32/avr32-gnu-toolchain/bin/../lib/gcc/avr32/4.4.7/../../../../avr32/lib/ucr2\libc.a(lib_a-atexit.o)
 .debug_line    0x000079bd      0x24d c:/program files (x86)/atmel/studio/7.0/toolchain/avr32/avr32-gnu-toolchain/bin/../lib/gcc/avr32/4.4.7/../../../../avr32/lib/ucr2\libc.a(lib_a-exit.o)
 .debug_line    0x00007c0a      0x1a8 c:/program files (x86)/atmel/studio/7.0/toolchain/avr32/avr32-gnu-toolchain/bin/../lib/gcc/avr32/4.4.7/../../../../avr32/lib/ucr2\libc.a(lib_a-impure.o)
 .debug_line    0x00007db2      0x255 c:/program files (x86)/atmel/studio/7.0/toolchain/avr32/avr32-gnu-toolchain/bin/../lib/gcc/avr32/4.4.7/../../../../avr32/lib/ucr2\libc.a(lib_a-malloc.o)
 .debug_line    0x00008007      0x571 c:/program files (x86)/atmel/studio/7.0/toolchain/avr32/avr32-gnu-toolchain/bin/../lib/gcc/avr32/4.4.7/../../../../avr32/lib/ucr2\libc.a(lib_a-mallocr.o)
 .debug_line    0x00008578      0x258 c:/program files (x86)/atmel/studio/7.0/toolchain/avr32/avr32-gnu-toolchain/bin/../lib/gcc/avr32/4.4.7/../../../../avr32/lib/ucr2\libc.a(lib_a-sbrkr.o)
 .debug_line    0x000087d0      0x58e c:/program files (x86)/atmel/studio/7.0/toolchain/avr32/avr32-gnu-toolchain/bin/../lib/gcc/avr32/4.4.7/../../../../avr32/lib/ucr2\libc.a(lib_a-syscalls.o)
 .debug_line    0x00008d5e      0x263 c:/program files (x86)/atmel/studio/7.0/toolchain/avr32/avr32-gnu-toolchain/bin/../lib/gcc/avr32/4.4.7/../../../../avr32/lib/ucr2\libc.a(lib_a-__atexit.o)
 .debug_line    0x00008fc1      0x2a6 c:/program files (x86)/atmel/studio/7.0/toolchain/avr32/avr32-gnu-toolchain/bin/../lib/gcc/avr32/4.4.7/../../../../avr32/lib/ucr2\libc.a(lib_a-__call_atexit.o)
 .debug_line    0x00009267      0x1ce c:/program files (x86)/atmel/studio/7.0/toolchain/avr32/avr32-gnu-toolchain/bin/../lib/gcc/avr32/4.4.7/../../../../avr32/lib/ucr2\libc.a(lib_a-errno.o)
 .debug_line    0x00009435      0x5ad c:/program files (x86)/atmel/studio/7.0/toolchain/avr32/avr32-gnu-toolchain/bin/../lib/gcc/avr32/4.4.7/../../../../avr32/lib/ucr2\libc.a(lib_a-findfp.o)
 .debug_line    0x000099e2      0x34c c:/program files (x86)/atmel/studio/7.0/toolchain/avr32/avr32-gnu-toolchain/bin/../lib/gcc/avr32/4.4.7/../../../../avr32/lib/ucr2\libc.a(lib_a-freer.o)
 .debug_line    0x00009d2e      0x2ec c:/program files (x86)/atmel/studio/7.0/toolchain/avr32/avr32-gnu-toolchain/bin/../lib/gcc/avr32/4.4.7/../../../../avr32/lib/ucr2\libc.a(lib_a-reent.o)

.debug_frame    0x00000000     0x170c
 *(.debug_frame)
 .debug_frame   0x00000000       0x4c c:/program files (x86)/atmel/studio/7.0/toolchain/avr32/avr32-gnu-toolchain/bin/../lib/gcc/avr32/4.4.7/ucr2/crtbegin.o
 .debug_frame   0x0000004c      0x1e4 src/ASF/avr32/components/display/dip204/dip204.o
 .debug_frame   0x00000230      0x204 src/ASF/avr32/drivers/gpio/gpio.o
 .debug_frame   0x00000434       0x64 src/ASF/avr32/drivers/intc/intc.o
 .debug_frame   0x00000498      0x390 src/ASF/avr32/drivers/pm/pm.o
 .debug_frame   0x00000828       0x70 src/ASF/avr32/drivers/pwm/pwm.o
 .debug_frame   0x00000898      0x178 src/ASF/avr32/drivers/spi/spi.o
 .debug_frame   0x00000a10       0x60 src/ASF/thirdparty/freertos/freertos-7.0.0/source/list.o
 .debug_frame   0x00000a70       0xfc src/ASF/thirdparty/freertos/freertos-7.0.0/source/portable/gcc/avr32_uc3/port.o
 .debug_frame   0x00000b6c       0x48 src/ASF/thirdparty/freertos/freertos-7.0.0/source/portable/memmang/heap_3.o
 .debug_frame   0x00000bb4      0x18c src/ASF/thirdparty/freertos/freertos-7.0.0/source/queue.o
 .debug_frame   0x00000d40      0x300 src/ASF/thirdparty/freertos/freertos-7.0.0/source/tasks.o
 .debug_frame   0x00001040       0xb0 src/main.o
 .debug_frame   0x000010f0       0x28 c:/program files (x86)/atmel/studio/7.0/toolchain/avr32/avr32-gnu-toolchain/bin/../lib/gcc/avr32/4.4.7/../../../../avr32/lib/ucr2\libc.a(lib_a-atexit.o)
 .debug_frame   0x00001118       0x34 c:/program files (x86)/atmel/studio/7.0/toolchain/avr32/avr32-gnu-toolchain/bin/../lib/gcc/avr32/4.4.7/../../../../avr32/lib/ucr2\libc.a(lib_a-exit.o)
 .debug_frame   0x0000114c       0x40 c:/program files (x86)/atmel/studio/7.0/toolchain/avr32/avr32-gnu-toolchain/bin/../lib/gcc/avr32/4.4.7/../../../../avr32/lib/ucr2\libc.a(lib_a-malloc.o)
 .debug_frame   0x0000118c       0x40 c:/program files (x86)/atmel/studio/7.0/toolchain/avr32/avr32-gnu-toolchain/bin/../lib/gcc/avr32/4.4.7/../../../../avr32/lib/ucr2\libc.a(lib_a-mallocr.o)
 .debug_frame   0x000011cc       0x34 c:/program files (x86)/atmel/studio/7.0/toolchain/avr32/avr32-gnu-toolchain/bin/../lib/gcc/avr32/4.4.7/../../../../avr32/lib/ucr2\libc.a(lib_a-sbrkr.o)
 .debug_frame   0x00001200      0x220 c:/program files (x86)/atmel/studio/7.0/toolchain/avr32/avr32-gnu-toolchain/bin/../lib/gcc/avr32/4.4.7/../../../../avr32/lib/ucr2\libc.a(lib_a-syscalls.o)
 .debug_frame   0x00001420       0x40 c:/program files (x86)/atmel/studio/7.0/toolchain/avr32/avr32-gnu-toolchain/bin/../lib/gcc/avr32/4.4.7/../../../../avr32/lib/ucr2\libc.a(lib_a-__atexit.o)
 .debug_frame   0x00001460       0x44 c:/program files (x86)/atmel/studio/7.0/toolchain/avr32/avr32-gnu-toolchain/bin/../lib/gcc/avr32/4.4.7/../../../../avr32/lib/ucr2\libc.a(lib_a-__call_atexit.o)
 .debug_frame   0x000014a4       0x20 c:/program files (x86)/atmel/studio/7.0/toolchain/avr32/avr32-gnu-toolchain/bin/../lib/gcc/avr32/4.4.7/../../../../avr32/lib/ucr2\libc.a(lib_a-errno.o)
 .debug_frame   0x000014c4      0x13c c:/program files (x86)/atmel/studio/7.0/toolchain/avr32/avr32-gnu-toolchain/bin/../lib/gcc/avr32/4.4.7/../../../../avr32/lib/ucr2\libc.a(lib_a-findfp.o)
 .debug_frame   0x00001600       0x58 c:/program files (x86)/atmel/studio/7.0/toolchain/avr32/avr32-gnu-toolchain/bin/../lib/gcc/avr32/4.4.7/../../../../avr32/lib/ucr2\libc.a(lib_a-freer.o)
 .debug_frame   0x00001658       0x80 c:/program files (x86)/atmel/studio/7.0/toolchain/avr32/avr32-gnu-toolchain/bin/../lib/gcc/avr32/4.4.7/../../../../avr32/lib/ucr2\libc.a(lib_a-reent.o)
 .debug_frame   0x000016d8       0x34 c:/program files (x86)/atmel/studio/7.0/toolchain/avr32/avr32-gnu-toolchain/bin/../lib/gcc/avr32/4.4.7/ucr2/crtend.o

.debug_str      0x00000000     0x3657
 *(.debug_str)
 .debug_str     0x00000000      0x5f2 src/ASF/avr32/components/display/dip204/dip204.o
                                0x676 (size before relaxing)
 .debug_str     0x000005f2      0x41c src/ASF/avr32/drivers/gpio/gpio.o
                                0x563 (size before relaxing)
 .debug_str     0x00000a0e      0x37d src/ASF/avr32/drivers/intc/intc.o
                                0x4b7 (size before relaxing)
 .debug_str     0x00000d8b      0x7b9 src/ASF/avr32/drivers/pm/pm.o
                                0x9cf (size before relaxing)
 .debug_str     0x00001544      0x16c src/ASF/avr32/drivers/pwm/pwm.o
                                0x371 (size before relaxing)
 .debug_str     0x000016b0      0x2b1 src/ASF/avr32/drivers/spi/spi.o
                                0x5c4 (size before relaxing)
 .debug_str     0x00001961      0x167 src/ASF/thirdparty/freertos/freertos-7.0.0/source/list.o
                                0x28a (size before relaxing)
 .debug_str     0x00001ac8      0x4e3 src/ASF/thirdparty/freertos/freertos-7.0.0/source/portable/gcc/avr32_uc3/port.o
                                0x67c (size before relaxing)
 .debug_str     0x00001fab       0x66 src/ASF/thirdparty/freertos/freertos-7.0.0/source/portable/memmang/heap_3.o
                                0x19f (size before relaxing)
 .debug_str     0x00002011      0x315 src/ASF/thirdparty/freertos/freertos-7.0.0/source/queue.o
                                0x502 (size before relaxing)
 .debug_str     0x00002326      0x62e src/ASF/thirdparty/freertos/freertos-7.0.0/source/tasks.o
                                0x88d (size before relaxing)
 .debug_str     0x00002954      0x13a src/main.o
                                0x95f (size before relaxing)
 .debug_str     0x00002a8e       0x9e c:/program files (x86)/atmel/studio/7.0/toolchain/avr32/avr32-gnu-toolchain/bin/../lib/gcc/avr32/4.4.7/../../../../avr32/lib/ucr2\libc.a(lib_a-atexit.o)
                                0x13a (size before relaxing)
 .debug_str     0x00002b2c       0x7f c:/program files (x86)/atmel/studio/7.0/toolchain/avr32/avr32-gnu-toolchain/bin/../lib/gcc/avr32/4.4.7/../../../../avr32/lib/ucr2\libc.a(lib_a-exit.o)
                                0x4b4 (size before relaxing)
 .debug_str     0x00002bab       0xb8 c:/program files (x86)/atmel/studio/7.0/toolchain/avr32/avr32-gnu-toolchain/bin/../lib/gcc/avr32/4.4.7/../../../../avr32/lib/ucr2\libc.a(lib_a-impure.o)
                                0x502 (size before relaxing)
 .debug_str     0x00002c63       0x86 c:/program files (x86)/atmel/studio/7.0/toolchain/avr32/avr32-gnu-toolchain/bin/../lib/gcc/avr32/4.4.7/../../../../avr32/lib/ucr2\libc.a(lib_a-malloc.o)
                                0x4c4 (size before relaxing)
 .debug_str     0x00002ce9      0x23b c:/program files (x86)/atmel/studio/7.0/toolchain/avr32/avr32-gnu-toolchain/bin/../lib/gcc/avr32/4.4.7/../../../../avr32/lib/ucr2\libc.a(lib_a-mallocr.o)
                                0x699 (size before relaxing)
 .debug_str     0x00002f24       0x83 c:/program files (x86)/atmel/studio/7.0/toolchain/avr32/avr32-gnu-toolchain/bin/../lib/gcc/avr32/4.4.7/../../../../avr32/lib/ucr2\libc.a(lib_a-sbrkr.o)
                                0x4b4 (size before relaxing)
 .debug_str     0x00002fa7      0x308 c:/program files (x86)/atmel/studio/7.0/toolchain/avr32/avr32-gnu-toolchain/bin/../lib/gcc/avr32/4.4.7/../../../../avr32/lib/ucr2\libc.a(lib_a-syscalls.o)
                                0x43d (size before relaxing)
 .debug_str     0x000032af       0x89 c:/program files (x86)/atmel/studio/7.0/toolchain/avr32/avr32-gnu-toolchain/bin/../lib/gcc/avr32/4.4.7/../../../../avr32/lib/ucr2\libc.a(lib_a-__atexit.o)
                                0x501 (size before relaxing)
 .debug_str     0x00003338       0x94 c:/program files (x86)/atmel/studio/7.0/toolchain/avr32/avr32-gnu-toolchain/bin/../lib/gcc/avr32/4.4.7/../../../../avr32/lib/ucr2\libc.a(lib_a-__call_atexit.o)
                                0x4dc (size before relaxing)
 .debug_str     0x000033cc       0x74 c:/program files (x86)/atmel/studio/7.0/toolchain/avr32/avr32-gnu-toolchain/bin/../lib/gcc/avr32/4.4.7/../../../../avr32/lib/ucr2\libc.a(lib_a-errno.o)
                                0x4ab (size before relaxing)
 .debug_str     0x00003440      0x135 c:/program files (x86)/atmel/studio/7.0/toolchain/avr32/avr32-gnu-toolchain/bin/../lib/gcc/avr32/4.4.7/../../../../avr32/lib/ucr2\libc.a(lib_a-findfp.o)
                                0x5dc (size before relaxing)
 .debug_str     0x00003575       0x3c c:/program files (x86)/atmel/studio/7.0/toolchain/avr32/avr32-gnu-toolchain/bin/../lib/gcc/avr32/4.4.7/../../../../avr32/lib/ucr2\libc.a(lib_a-freer.o)
                                0x5eb (size before relaxing)
 .debug_str     0x000035b1       0xa6 c:/program files (x86)/atmel/studio/7.0/toolchain/avr32/avr32-gnu-toolchain/bin/../lib/gcc/avr32/4.4.7/../../../../avr32/lib/ucr2\libc.a(lib_a-reent.o)
                                0x4e8 (size before relaxing)

.debug_loc      0x00000000     0x372b
 *(.debug_loc)
 .debug_loc     0x00000000      0x613 src/ASF/avr32/components/display/dip204/dip204.o
 .debug_loc     0x00000613      0x368 src/ASF/avr32/drivers/gpio/gpio.o
 .debug_loc     0x0000097b       0xd3 src/ASF/avr32/drivers/intc/intc.o
 .debug_loc     0x00000a4e      0x559 src/ASF/avr32/drivers/pm/pm.o
 .debug_loc     0x00000fa7       0xb4 src/ASF/avr32/drivers/pwm/pwm.o
 .debug_loc     0x0000105b      0x40b src/ASF/avr32/drivers/spi/spi.o
 .debug_loc     0x00001466       0x31 src/ASF/thirdparty/freertos/freertos-7.0.0/source/list.o
 .debug_loc     0x00001497      0x110 src/ASF/thirdparty/freertos/freertos-7.0.0/source/portable/gcc/avr32_uc3/port.o
 .debug_loc     0x000015a7       0x7a src/ASF/thirdparty/freertos/freertos-7.0.0/source/portable/memmang/heap_3.o
 .debug_loc     0x00001621      0x5c6 src/ASF/thirdparty/freertos/freertos-7.0.0/source/queue.o
 .debug_loc     0x00001be7      0x8e7 src/ASF/thirdparty/freertos/freertos-7.0.0/source/tasks.o
 .debug_loc     0x000024ce      0x114 src/main.o
 .debug_loc     0x000025e2       0x32 c:/program files (x86)/atmel/studio/7.0/toolchain/avr32/avr32-gnu-toolchain/bin/../lib/gcc/avr32/4.4.7/../../../../avr32/lib/ucr2\libc.a(lib_a-atexit.o)
 .debug_loc     0x00002614       0x3d c:/program files (x86)/atmel/studio/7.0/toolchain/avr32/avr32-gnu-toolchain/bin/../lib/gcc/avr32/4.4.7/../../../../avr32/lib/ucr2\libc.a(lib_a-exit.o)
 .debug_loc     0x00002651       0x64 c:/program files (x86)/atmel/studio/7.0/toolchain/avr32/avr32-gnu-toolchain/bin/../lib/gcc/avr32/4.4.7/../../../../avr32/lib/ucr2\libc.a(lib_a-malloc.o)
 .debug_loc     0x000026b5      0x59a c:/program files (x86)/atmel/studio/7.0/toolchain/avr32/avr32-gnu-toolchain/bin/../lib/gcc/avr32/4.4.7/../../../../avr32/lib/ucr2\libc.a(lib_a-mallocr.o)
 .debug_loc     0x00002c4f       0x63 c:/program files (x86)/atmel/studio/7.0/toolchain/avr32/avr32-gnu-toolchain/bin/../lib/gcc/avr32/4.4.7/../../../../avr32/lib/ucr2\libc.a(lib_a-sbrkr.o)
 .debug_loc     0x00002cb2      0x268 c:/program files (x86)/atmel/studio/7.0/toolchain/avr32/avr32-gnu-toolchain/bin/../lib/gcc/avr32/4.4.7/../../../../avr32/lib/ucr2\libc.a(lib_a-syscalls.o)
 .debug_loc     0x00002f1a       0xe9 c:/program files (x86)/atmel/studio/7.0/toolchain/avr32/avr32-gnu-toolchain/bin/../lib/gcc/avr32/4.4.7/../../../../avr32/lib/ucr2\libc.a(lib_a-__atexit.o)
 .debug_loc     0x00003003       0xf0 c:/program files (x86)/atmel/studio/7.0/toolchain/avr32/avr32-gnu-toolchain/bin/../lib/gcc/avr32/4.4.7/../../../../avr32/lib/ucr2\libc.a(lib_a-__call_atexit.o)
 .debug_loc     0x000030f3      0x202 c:/program files (x86)/atmel/studio/7.0/toolchain/avr32/avr32-gnu-toolchain/bin/../lib/gcc/avr32/4.4.7/../../../../avr32/lib/ucr2\libc.a(lib_a-findfp.o)
 .debug_loc     0x000032f5      0x32c c:/program files (x86)/atmel/studio/7.0/toolchain/avr32/avr32-gnu-toolchain/bin/../lib/gcc/avr32/4.4.7/../../../../avr32/lib/ucr2\libc.a(lib_a-freer.o)
 .debug_loc     0x00003621      0x10a c:/program files (x86)/atmel/studio/7.0/toolchain/avr32/avr32-gnu-toolchain/bin/../lib/gcc/avr32/4.4.7/../../../../avr32/lib/ucr2\libc.a(lib_a-reent.o)

.debug_macinfo  0x00000000   0xb7fc57
 *(.debug_macinfo)
 .debug_macinfo
                0x00000000    0xf560d src/ASF/avr32/components/display/dip204/dip204.o
 .debug_macinfo
                0x000f560d    0xed314 src/ASF/avr32/drivers/gpio/gpio.o
 .debug_macinfo
                0x001e2921    0xed3c1 src/ASF/avr32/drivers/intc/intc.o
 .debug_macinfo
                0x002cfce2    0xed17e src/ASF/avr32/drivers/pm/pm.o
 .debug_macinfo
                0x003bce60    0xed1e9 src/ASF/avr32/drivers/pwm/pwm.o
 .debug_macinfo
                0x004aa049    0xf335b src/ASF/avr32/drivers/spi/spi.o
 .debug_macinfo
                0x0059d3a4    0xf2927 src/ASF/thirdparty/freertos/freertos-7.0.0/source/list.o
 .debug_macinfo
                0x0068fccb    0xf3072 src/ASF/thirdparty/freertos/freertos-7.0.0/source/portable/gcc/avr32_uc3/port.o
 .debug_macinfo
                0x00782d3d    0xf2cc6 src/ASF/thirdparty/freertos/freertos-7.0.0/source/portable/memmang/heap_3.o
 .debug_macinfo
                0x00875a03    0xf3623 src/ASF/thirdparty/freertos/freertos-7.0.0/source/queue.o
 .debug_macinfo
                0x00969026    0xf44bc src/ASF/thirdparty/freertos/freertos-7.0.0/source/tasks.o
 .debug_macinfo
                0x00a5d4e2   0x122775 src/main.o

.debug_weaknames
 *(.debug_weaknames)

.debug_funcnames
 *(.debug_funcnames)

.debug_typenames
 *(.debug_typenames)

.debug_varnames
 *(.debug_varnames)

.stack          0x0000f000     0x1000
                0x0000f000                _stack = .
 *(.stack)
                0x00001000                . = __stack_size__
 *fill*         0x0000f000     0x1000 
                0x00010000                _estack = .

.userpage
 *(.userpage .userpage.*)

/DISCARD/
 *(.note.GNU-stack)
OUTPUT(SWE_05_Display_T.elf elf32-avr32)

.debug_ranges   0x00000000      0xb10
 .debug_ranges  0x00000000      0x1b0 src/ASF/avr32/components/display/dip204/dip204.o
 .debug_ranges  0x000001b0       0xf8 src/ASF/avr32/drivers/gpio/gpio.o
 .debug_ranges  0x000002a8       0x48 src/ASF/avr32/drivers/intc/intc.o
 .debug_ranges  0x000002f0      0x188 src/ASF/avr32/drivers/pm/pm.o
 .debug_ranges  0x00000478       0x40 src/ASF/avr32/drivers/pwm/pwm.o
 .debug_ranges  0x000004b8       0xa0 src/ASF/avr32/drivers/spi/spi.o
 .debug_ranges  0x00000558       0x38 src/ASF/thirdparty/freertos/freertos-7.0.0/source/list.o
 .debug_ranges  0x00000590       0x70 src/ASF/thirdparty/freertos/freertos-7.0.0/source/portable/gcc/avr32_uc3/port.o
 .debug_ranges  0x00000600       0x20 src/ASF/thirdparty/freertos/freertos-7.0.0/source/portable/memmang/heap_3.o
 .debug_ranges  0x00000620       0x78 src/ASF/thirdparty/freertos/freertos-7.0.0/source/queue.o
 .debug_ranges  0x00000698      0x160 src/ASF/thirdparty/freertos/freertos-7.0.0/source/tasks.o
 .debug_ranges  0x000007f8       0x68 src/main.o
 .debug_ranges  0x00000860       0x18 c:/program files (x86)/atmel/studio/7.0/toolchain/avr32/avr32-gnu-toolchain/bin/../lib/gcc/avr32/4.4.7/../../../../avr32/lib/ucr2\libc.a(lib_a-atexit.o)
 .debug_ranges  0x00000878       0x18 c:/program files (x86)/atmel/studio/7.0/toolchain/avr32/avr32-gnu-toolchain/bin/../lib/gcc/avr32/4.4.7/../../../../avr32/lib/ucr2\libc.a(lib_a-exit.o)
 .debug_ranges  0x00000890       0x20 c:/program files (x86)/atmel/studio/7.0/toolchain/avr32/avr32-gnu-toolchain/bin/../lib/gcc/avr32/4.4.7/../../../../avr32/lib/ucr2\libc.a(lib_a-malloc.o)
 .debug_ranges  0x000008b0       0x18 c:/program files (x86)/atmel/studio/7.0/toolchain/avr32/avr32-gnu-toolchain/bin/../lib/gcc/avr32/4.4.7/../../../../avr32/lib/ucr2\libc.a(lib_a-mallocr.o)
 .debug_ranges  0x000008c8       0x18 c:/program files (x86)/atmel/studio/7.0/toolchain/avr32/avr32-gnu-toolchain/bin/../lib/gcc/avr32/4.4.7/../../../../avr32/lib/ucr2\libc.a(lib_a-sbrkr.o)
 .debug_ranges  0x000008e0       0xf0 c:/program files (x86)/atmel/studio/7.0/toolchain/avr32/avr32-gnu-toolchain/bin/../lib/gcc/avr32/4.4.7/../../../../avr32/lib/ucr2\libc.a(lib_a-syscalls.o)
 .debug_ranges  0x000009d0       0x18 c:/program files (x86)/atmel/studio/7.0/toolchain/avr32/avr32-gnu-toolchain/bin/../lib/gcc/avr32/4.4.7/../../../../avr32/lib/ucr2\libc.a(lib_a-__atexit.o)
 .debug_ranges  0x000009e8       0x18 c:/program files (x86)/atmel/studio/7.0/toolchain/avr32/avr32-gnu-toolchain/bin/../lib/gcc/avr32/4.4.7/../../../../avr32/lib/ucr2\libc.a(lib_a-__call_atexit.o)
 .debug_ranges  0x00000a00       0x18 c:/program files (x86)/atmel/studio/7.0/toolchain/avr32/avr32-gnu-toolchain/bin/../lib/gcc/avr32/4.4.7/../../../../avr32/lib/ucr2\libc.a(lib_a-errno.o)
 .debug_ranges  0x00000a18       0xb0 c:/program files (x86)/atmel/studio/7.0/toolchain/avr32/avr32-gnu-toolchain/bin/../lib/gcc/avr32/4.4.7/../../../../avr32/lib/ucr2\libc.a(lib_a-findfp.o)
 .debug_ranges  0x00000ac8       0x20 c:/program files (x86)/atmel/studio/7.0/toolchain/avr32/avr32-gnu-toolchain/bin/../lib/gcc/avr32/4.4.7/../../../../avr32/lib/ucr2\libc.a(lib_a-freer.o)
 .debug_ranges  0x00000ae8       0x28 c:/program files (x86)/atmel/studio/7.0/toolchain/avr32/avr32-gnu-toolchain/bin/../lib/gcc/avr32/4.4.7/../../../../avr32/lib/ucr2\libc.a(lib_a-reent.o)
